Archive member included to satisfy reference by file (symbol)

/usr/local/mcuxpressoide-11.1.0_3209/ide/plugins/com.nxp.mcuxpresso.tools.linux_11.1.0.201909161352/tools/bin/../lib/gcc/arm-none-eabi/8.3.1/../../../../arm-none-eabi/lib/thumb/v7e-m+fp/hard/libcr_nohost_nf.a(_cr__main.o)
                              ./startup/startup_mimxrt1011.o (__main)
/usr/local/mcuxpressoide-11.1.0_3209/ide/plugins/com.nxp.mcuxpresso.tools.linux_11.1.0.201909161352/tools/bin/../lib/gcc/arm-none-eabi/8.3.1/../../../../arm-none-eabi/lib/thumb/v7e-m+fp/hard/libcr_nohost_nf.a(_cr_assert.o)
                              ./utilities/fsl_debug_console.o (__assertion_failed)
/usr/local/mcuxpressoide-11.1.0_3209/ide/plugins/com.nxp.mcuxpresso.tools.linux_11.1.0.201909161352/tools/bin/../lib/gcc/arm-none-eabi/8.3.1/../../../../arm-none-eabi/lib/thumb/v7e-m+fp/hard/libcr_nohost_nf.a(__ciob.o)
                              /usr/local/mcuxpressoide-11.1.0_3209/ide/plugins/com.nxp.mcuxpresso.tools.linux_11.1.0.201909161352/tools/bin/../lib/gcc/arm-none-eabi/8.3.1/../../../../arm-none-eabi/lib/thumb/v7e-m+fp/hard/libcr_nohost_nf.a(_cr_assert.o) (__Ciob)
/usr/local/mcuxpressoide-11.1.0_3209/ide/plugins/com.nxp.mcuxpresso.tools.linux_11.1.0.201909161352/tools/bin/../lib/gcc/arm-none-eabi/8.3.1/../../../../arm-none-eabi/lib/thumb/v7e-m+fp/hard/libcr_nohost_nf.a(__sys_appexit.o)
                              /usr/local/mcuxpressoide-11.1.0_3209/ide/plugins/com.nxp.mcuxpresso.tools.linux_11.1.0.201909161352/tools/bin/../lib/gcc/arm-none-eabi/8.3.1/../../../../arm-none-eabi/lib/thumb/v7e-m+fp/hard/libcr_nohost_nf.a(_cr_assert.o) (__sys_appexit)
/usr/local/mcuxpressoide-11.1.0_3209/ide/plugins/com.nxp.mcuxpresso.tools.linux_11.1.0.201909161352/tools/bin/../lib/gcc/arm-none-eabi/8.3.1/../../../../arm-none-eabi/lib/thumb/v7e-m+fp/hard/libcr_c.a(memset.o)
                              ./utilities/fsl_debug_console.o (memset)
/usr/local/mcuxpressoide-11.1.0_3209/ide/plugins/com.nxp.mcuxpresso.tools.linux_11.1.0.201909161352/tools/bin/../lib/gcc/arm-none-eabi/8.3.1/../../../../arm-none-eabi/lib/thumb/v7e-m+fp/hard/libcr_c.a(_deferredlazyseek.o)
                              /usr/local/mcuxpressoide-11.1.0_3209/ide/plugins/com.nxp.mcuxpresso.tools.linux_11.1.0.201909161352/tools/bin/../lib/gcc/arm-none-eabi/8.3.1/../../../../arm-none-eabi/lib/thumb/v7e-m+fp/hard/libcr_nohost_nf.a(_cr_assert.o) (__flsbuf)
/usr/local/mcuxpressoide-11.1.0_3209/ide/plugins/com.nxp.mcuxpresso.tools.linux_11.1.0.201909161352/tools/bin/../lib/gcc/arm-none-eabi/8.3.1/../../../../arm-none-eabi/lib/thumb/v7e-m+fp/hard/libcr_c.a(_fflush.o)
                              /usr/local/mcuxpressoide-11.1.0_3209/ide/plugins/com.nxp.mcuxpresso.tools.linux_11.1.0.201909161352/tools/bin/../lib/gcc/arm-none-eabi/8.3.1/../../../../arm-none-eabi/lib/thumb/v7e-m+fp/hard/libcr_c.a(_deferredlazyseek.o) (_fflush)
/usr/local/mcuxpressoide-11.1.0_3209/ide/plugins/com.nxp.mcuxpresso.tools.linux_11.1.0.201909161352/tools/bin/../lib/gcc/arm-none-eabi/8.3.1/../../../../arm-none-eabi/lib/thumb/v7e-m+fp/hard/libcr_c.a(_writebuf.o)
                              /usr/local/mcuxpressoide-11.1.0_3209/ide/plugins/com.nxp.mcuxpresso.tools.linux_11.1.0.201909161352/tools/bin/../lib/gcc/arm-none-eabi/8.3.1/../../../../arm-none-eabi/lib/thumb/v7e-m+fp/hard/libcr_c.a(_deferredlazyseek.o) (_Cwritebuf)
/usr/local/mcuxpressoide-11.1.0_3209/ide/plugins/com.nxp.mcuxpresso.tools.linux_11.1.0.201909161352/tools/bin/../lib/gcc/arm-none-eabi/8.3.1/../../../../arm-none-eabi/lib/thumb/v7e-m+fp/hard/libcr_c.a(alloc.o)
                              ./drivers/fsl_common.o (malloc)
/usr/local/mcuxpressoide-11.1.0_3209/ide/plugins/com.nxp.mcuxpresso.tools.linux_11.1.0.201909161352/tools/bin/../lib/gcc/arm-none-eabi/8.3.1/../../../../arm-none-eabi/lib/thumb/v7e-m+fp/hard/libcr_c.a(fputs.o)
                              /usr/local/mcuxpressoide-11.1.0_3209/ide/plugins/com.nxp.mcuxpresso.tools.linux_11.1.0.201909161352/tools/bin/../lib/gcc/arm-none-eabi/8.3.1/../../../../arm-none-eabi/lib/thumb/v7e-m+fp/hard/libcr_nohost_nf.a(_cr_assert.o) (fputs)
/usr/local/mcuxpressoide-11.1.0_3209/ide/plugins/com.nxp.mcuxpresso.tools.linux_11.1.0.201909161352/tools/bin/../lib/gcc/arm-none-eabi/8.3.1/../../../../arm-none-eabi/lib/thumb/v7e-m+fp/hard/libcr_c.a(fseek.o)
                              /usr/local/mcuxpressoide-11.1.0_3209/ide/plugins/com.nxp.mcuxpresso.tools.linux_11.1.0.201909161352/tools/bin/../lib/gcc/arm-none-eabi/8.3.1/../../../../arm-none-eabi/lib/thumb/v7e-m+fp/hard/libcr_c.a(_deferredlazyseek.o) (fseek)
/usr/local/mcuxpressoide-11.1.0_3209/ide/plugins/com.nxp.mcuxpresso.tools.linux_11.1.0.201909161352/tools/bin/../lib/gcc/arm-none-eabi/8.3.1/../../../../arm-none-eabi/lib/thumb/v7e-m+fp/hard/libcr_c.a(ftell.o)
[...]
Memory Configuration

Name             Origin             Length             Attributes
BOARD_FLASH      0x0000000060000000 0x0000000001000000 xr
SRAM_DTC         0x0000000020000000 0x0000000000008000 xrw
SRAM_ITC         0x0000000000000000 0x0000000000008000 xrw
SRAM_OC          0x0000000020200000 0x0000000000010000 xrw
NCACHE_REGION    0x0000000020210000 0x0000000000000000 xrw
*default*        0x0000000000000000 0xffffffffffffffff

Linker script and memory map

LOAD ./xip/evkmimxrt1010_flexspi_nor_config.o
LOAD ./xip/fsl_flexspi_nor_boot.o
LOAD ./utilities/fsl_assert.o
LOAD ./utilities/fsl_debug_console.o
LOAD ./utilities/fsl_str.o
LOAD ./startup/startup_mimxrt1011.o
LOAD ./source/hello_world.o
LOAD ./source/semihost_hardfault.o
LOAD ./drivers/fsl_clock.o
LOAD ./drivers/fsl_common.o
LOAD ./drivers/fsl_gpio.o
LOAD ./drivers/fsl_lpuart.o
LOAD ./device/system_MIMXRT1011.o
LOAD ./component/uart/lpuart_adapter.o
LOAD ./component/serial_manager/serial_manager.o
LOAD ./component/serial_manager/serial_port_uart.o
LOAD ./component/lists/generic_list.o
LOAD ./board/board.o
LOAD ./board/clock_config.o
LOAD ./board/pin_mux.o
START GROUP
LOAD /usr/local/mcuxpressoide-11.1.0_3209/ide/plugins/com.nxp.mcuxpresso.tools.linux_11.1.0.201909161352/tools/bin/../lib/gcc/arm-none-eabi/8.3.1/../../../../arm-none-eabi/lib/thumb/v7e-m+fp/hard/libcr_nohost_nf.a
LOAD /usr/local/mcuxpressoide-11.1.0_3209/ide/plugins/com.nxp.mcuxpresso.tools.linux_11.1.0.201909161352/tools/bin/../lib/gcc/arm-none-eabi/8.3.1/../../../../arm-none-eabi/lib/thumb/v7e-m+fp/hard/libcr_c.a
LOAD /usr/local/mcuxpressoide-11.1.0_3209/ide/plugins/com.nxp.mcuxpresso.tools.linux_11.1.0.201909161352/tools/bin/../lib/gcc/arm-none-eabi/8.3.1/thumb/v7e-m+fp/hard/libcr_eabihelpers.a
LOAD /usr/local/mcuxpressoide-11.1.0_3209/ide/plugins/com.nxp.mcuxpresso.tools.linux_11.1.0.201909161352/tools/bin/../lib/gcc/arm-none-eabi/8.3.1/thumb/v7e-m+fp/hard/libgcc.a
END GROUP
                0x0000000060000000                __base_BOARD_FLASH = 0x60000000
                0x0000000060000000                __base_Flash = 0x60000000
                0x0000000061000000                __top_BOARD_FLASH = 0x61000000
                0x0000000061000000                __top_Flash = 0x61000000
                0x0000000020000000                __base_SRAM_DTC = 0x20000000
                0x0000000020000000                __base_RAM = 0x20000000
                0x0000000020008000                __top_SRAM_DTC = 0x20008000
                0x0000000020008000                __top_RAM = 0x20008000
                0x0000000000000000                __base_SRAM_ITC = 0x0
                0x0000000000000000                __base_RAM2 = 0x0
                0x0000000000008000                __top_SRAM_ITC = 0x8000
                0x0000000000008000                __top_RAM2 = 0x8000
                0x0000000020200000                __base_SRAM_OC = 0x20200000
                0x0000000020200000                __base_RAM3 = 0x20200000
                0x0000000020210000                __top_SRAM_OC = 0x20210000
                0x0000000020210000                __top_RAM3 = 0x20210000
                0x0000000020210000                __base_NCACHE_REGION = 0x20210000
                0x0000000020210000                __base_RAM4 = 0x20210000
                0x0000000020210000                __top_NCACHE_REGION = 0x20210000
                0x0000000020210000                __top_RAM4 = 0x20210000

.boot_hdr       0x0000000060000000     0x2000
 FILL mask 0xff
                0x0000000000000400                . = 0x400
 *fill*         0x0000000060000000      0x400 ff
                0x0000000060000400                __boot_hdr_start__ = ABSOLUTE (.)
 *(SORT_BY_ALIGNMENT(.boot_hdr.conf))
 .boot_hdr.conf
                0x0000000060000400      0x200 ./xip/evkmimxrt1010_flexspi_nor_config.o
                0x0000000060000400                qspiflash_config
                0x0000000000001000                . = 0x1000
 *fill*         0x0000000060000600      0xa00 ff
 *(SORT_BY_ALIGNMENT(.boot_hdr.ivt))
 .boot_hdr.ivt  0x0000000060001000       0x20 ./xip/fsl_flexspi_nor_boot.o
                0x0000000060001000                image_vector_table
                0x0000000000001020                . = 0x1020
 *(SORT_BY_ALIGNMENT(.boot_hdr.boot_data))
 .boot_hdr.boot_data
                0x0000000060001020       0x10 ./xip/fsl_flexspi_nor_boot.o
                0x0000000060001020                boot_data
                0x0000000000001030                . = 0x1030
 *(SORT_BY_ALIGNMENT(.boot_hdr.dcd_data))
                0x0000000060001030                __boot_hdr_end__ = ABSOLUTE (.)
                0x0000000000002000                . = 0x2000
 *fill*         0x0000000060001030      0xfd0 ff

.text           0x0000000060002000     0x4188
 FILL mask 0xff
                0x0000000060002000                __vectors_start__ = ABSOLUTE (.)
 *(SORT_BY_ALIGNMENT(.isr_vector))
 .isr_vector    0x0000000060002000      0x180 ./startup/startup_mimxrt1011.o
                0x0000000060002000                __Vectors
                0x0000000060002000                g_pfnVectors
                0x0000000060002180                . = ALIGN (0x4)
                0x0000000060002180                __section_table_start = .
                0x0000000060002180                __data_section_table = .
                0x0000000060002180        0x4 LONG 0x60006188 LOADADDR (.data)
                0x0000000060002184        0x4 LONG 0x20000000 ADDR (.data)
                0x0000000060002188        0x4 LONG 0x4 SIZEOF (.data)
                0x000000006000218c        0x4 LONG 0x60006188 LOADADDR (.data_RAM2)
                0x0000000060002190        0x4 LONG 0x0 ADDR (.data_RAM2)
                0x0000000060002194        0x4 LONG 0x0 SIZEOF (.data_RAM2)
                0x0000000060002198        0x4 LONG 0x60006188 LOADADDR (.data_RAM3)
                0x000000006000219c        0x4 LONG 0x20200000 ADDR (.data_RAM3)
                0x00000000600021a0        0x4 LONG 0x0 SIZEOF (.data_RAM3)
                0x00000000600021a4        0x4 LONG 0x60006188 LOADADDR (.data_RAM4)
                0x00000000600021a8        0x4 LONG 0x20210000 ADDR (.data_RAM4)
                0x00000000600021ac        0x4 LONG 0x0 SIZEOF (.data_RAM4)
                0x00000000600021b0                __data_section_table_end = .
                0x00000000600021b0                __bss_section_table = .
                0x00000000600021b0        0x4 LONG 0x20000004 ADDR (.bss)
                0x00000000600021b4        0x4 LONG 0x100 SIZEOF (.bss)
                0x00000000600021b8        0x4 LONG 0x0 ADDR (.bss_RAM2)
                0x00000000600021bc        0x4 LONG 0x0 SIZEOF (.bss_RAM2)
                0x00000000600021c0        0x4 LONG 0x20200000 ADDR (.bss_RAM3)
                0x00000000600021c4        0x4 LONG 0x0 SIZEOF (.bss_RAM3)
                0x00000000600021c8        0x4 LONG 0x20210000 ADDR (.bss_RAM4)
                0x00000000600021cc        0x4 LONG 0x0 SIZEOF (.bss_RAM4)
                0x00000000600021d0                __bss_section_table_end = .
                0x00000000600021d0                __section_table_end = .
 *(SORT_BY_ALIGNMENT(.after_vectors*))
 .after_vectors.reset
                0x00000000600021d0       0x4c ./startup/startup_mimxrt1011.o
                0x00000000600021d0                ResetISR
 .after_vectors.init_data
                0x000000006000221c       0x1e ./startup/startup_mimxrt1011.o
                0x000000006000221c                data_init
 .after_vectors.init_bss
                0x000000006000223a       0x12 ./startup/startup_mimxrt1011.o
                0x000000006000223a                bss_init
 .after_vectors
                0x000000006000224c        0xc ./startup/startup_mimxrt1011.o
                0x000000006000224c                NMI_Handler
                0x0000000060002250                SVC_Handler
                0x0000000060002252                PendSV_Handler
                0x0000000060002254                SysTick_Handler
                0x0000000060002256                KPP_DriverIRQHandler
                0x0000000060002256                LPSPI2_DriverIRQHandler
                0x0000000060002256                SAI3_RX_DriverIRQHandler
                0x0000000060002256                ADC_ETC_IRQ3_DriverIRQHandler
                0x0000000060002256                CCM_2_DriverIRQHandler
                0x0000000060002256                PIT_DriverIRQHandler
                0x0000000060002256                DMA0_DriverIRQHandler
                0x0000000060002256                FLEXRAM_DriverIRQHandler
                0x0000000060002256                DMA12_DriverIRQHandler
                0x0000000060002256                SPDIF_DriverIRQHandler
                0x0000000060002256                USB_PHY_DriverIRQHandler
                0x0000000060002256                GPR_IRQ_DriverIRQHandler
                0x0000000060002256                DMA6_DriverIRQHandler
                0x0000000060002256                TRNG_DriverIRQHandler
                0x0000000060002256                IntDefaultHandler
                0x0000000060002256                DMA11_DriverIRQHandler
                0x0000000060002256                SRC_DriverIRQHandler
                0x0000000060002256                DMA10_DriverIRQHandler
                0x0000000060002256                EWM_DriverIRQHandler
                0x0000000060002256                DMA5_DriverIRQHandler
                0x0000000060002256                DMA4_DriverIRQHandler
                0x0000000060002256                WDOG1_DriverIRQHandler
                0x0000000060002256                FLEXIO1_DriverIRQHandler
                0x0000000060002256                ADC_ETC_IRQ2_DriverIRQHandler
                0x0000000060002256                GPIO1_Combined_16_31_DriverIRQHandler
                0x0000000060002256                SAI1_DriverIRQHandler
                0x0000000060002256                DCDC_DriverIRQHandler
                0x0000000060002256                ADC_ETC_ERROR_IRQ_DriverIRQHandler
                0x0000000060002256                GPIO5_Combined_0_15_DriverIRQHandler
                0x0000000060002256                DMA3_DriverIRQHandler
                0x0000000060002256                RTWDOG_DriverIRQHandler
                0x0000000060002256                FLEXSPI_DriverIRQHandler
                0x0000000060002256                GPT2_DriverIRQHandler
                0x0000000060002256                DMA8_DriverIRQHandler
                0x0000000060002256                DMA9_DriverIRQHandler
                0x0000000060002256                PWM1_1_DriverIRQHandler
                0x0000000060002256                Reserved71_DriverIRQHandler
                0x0000000060002256                ADC1_DriverIRQHandler
                0x0000000060002256                PWM1_0_DriverIRQHandler
                0x0000000060002256                DMA14_DriverIRQHandler
                0x0000000060002256                DCP_DriverIRQHandler
                0x0000000060002256                CTI0_ERROR_DriverIRQHandler
                0x0000000060002256                GPT1_DriverIRQHandler
                0x0000000060002256                CSU_DriverIRQHandler
                0x0000000060002256                CTI1_ERROR_DriverIRQHandler
                0x0000000060002256                GPIO1_Combined_0_15_DriverIRQHandler
                0x0000000060002256                CORE_DriverIRQHandler
                0x0000000060002256                SNVS_HP_WRAPPER_TZ_DriverIRQHandler
                0x0000000060002256                PWM1_FAULT_DriverIRQHandler
                0x0000000060002256                DMA1_DriverIRQHandler
                0x0000000060002256                LPI2C1_DriverIRQHandler
                0x0000000060002256                SNVS_HP_WRAPPER_DriverIRQHandler
                0x0000000060002256                ADC_ETC_IRQ1_DriverIRQHandler
                0x0000000060002256                LPSPI1_DriverIRQHandler
                0x0000000060002256                DMA13_DriverIRQHandler
                0x0000000060002256                DCP_VMI_DriverIRQHandler
                0x0000000060002256                DMA15_DriverIRQHandler
                0x0000000060002256                GPC_DriverIRQHandler
                0x0000000060002256                GPIO2_Combined_0_15_DriverIRQHandler
                0x0000000060002256                PWM1_2_DriverIRQHandler
                0x0000000060002256                USB_OTG1_DriverIRQHandler
                0x0000000060002256                TEMP_LOW_HIGH_DriverIRQHandler
                0x0000000060002256                SAI3_TX_DriverIRQHandler
                0x0000000060002256                WDOG2_DriverIRQHandler
                0x0000000060002256                Reserved68_DriverIRQHandler
                0x0000000060002256                PMU_DriverIRQHandler
                0x0000000060002256                CCM_1_DriverIRQHandler
                0x0000000060002256                TEMP_PANIC_DriverIRQHandler
                0x0000000060002256                DMA2_DriverIRQHandler
                0x0000000060002256                PWM1_3_DriverIRQHandler
                0x0000000060002256                Reserved70_DriverIRQHandler
                0x0000000060002256                LPI2C2_DriverIRQHandler
                0x0000000060002256                DMA_ERROR_DriverIRQHandler
                0x0000000060002256                ADC_ETC_IRQ0_DriverIRQHandler
                0x0000000060002256                DMA7_DriverIRQHandler
                0x0000000060002256                XBAR1_IRQ_0_1_2_3_DriverIRQHandler
                0x0000000060002256                SNVS_LP_WRAPPER_DriverIRQHandler
 *(SORT_BY_ALIGNMENT(.text*))
 .text.DbgConsole_ReadOneCharacter
                0x0000000060002258       0x34 ./utilities/fsl_debug_console.o
                0x0000000060002258                DbgConsole_ReadOneCharacter
 .text.DbgConsole_SendDataReliable
                0x000000006000228c       0x58 ./utilities/fsl_debug_console.o
                0x000000006000228c                DbgConsole_SendDataReliable
 .text.DbgConsole_ReadCharacter
                0x00000000600022e4       0x3c ./utilities/fsl_debug_console.o
                0x00000000600022e4                DbgConsole_ReadCharacter
 .text.DbgConsole_Init
                0x0000000060002320      0x104 ./utilities/fsl_debug_console.o
                0x0000000060002320                DbgConsole_Init
 .text.DbgConsole_Printf
                0x0000000060002424       0x74 ./utilities/fsl_debug_console.o
                0x0000000060002424                DbgConsole_Printf
 .text.main     0x0000000060002498       0x34 ./source/hello_world.o
                0x0000000060002498                main
 .text.CLOCK_GetOscFreq
                0x00000000600024cc       0x30 ./drivers/fsl_clock.o
 .text.CLOCK_InitExternalClk
                0x00000000600024fc       0x6c ./drivers/fsl_clock.o
                0x00000000600024fc                CLOCK_InitExternalClk
 .text.CLOCK_SwitchOsc
                0x0000000060002568       0x34 ./drivers/fsl_clock.o
                0x0000000060002568                CLOCK_SwitchOsc
 .text.CLOCK_InitRcOsc24M
                0x000000006000259c       0x24 ./drivers/fsl_clock.o
                0x000000006000259c                CLOCK_InitRcOsc24M
 .text.CLOCK_InitSysPll
                0x00000000600025c0       0x9c ./drivers/fsl_clock.o
                0x00000000600025c0                CLOCK_InitSysPll
 .text.CLOCK_DeinitAudioPll
                0x000000006000265c       0x1c ./drivers/fsl_clock.o
                0x000000006000265c                CLOCK_DeinitAudioPll
 .text.CLOCK_InitEnetPll
                0x0000000060002678       0x7c ./drivers/fsl_clock.o
                0x0000000060002678                CLOCK_InitEnetPll
 .text.CLOCK_GetPllFreq
                0x00000000600026f4      0x1c4 ./drivers/fsl_clock.o
                0x00000000600026f4                CLOCK_GetPllFreq
 .text.CLOCK_InitSysPfd
                0x00000000600028b8       0x64 ./drivers/fsl_clock.o
                0x00000000600028b8                CLOCK_InitSysPfd
 .text.CLOCK_ControlGate
                0x000000006000291c       0x64 ./drivers/fsl_lpuart.o
 .text.LPUART_GetInstance
                0x0000000060002980       0x4c ./drivers/fsl_lpuart.o
                0x0000000060002980                LPUART_GetInstance
 .text.LPUART_Init
                0x00000000600029cc      0x338 ./drivers/fsl_lpuart.o
                0x00000000600029cc                LPUART_Init
 .text.LPUART_GetDefaultConfig
                0x0000000060002d04       0x88 ./drivers/fsl_lpuart.o
                0x0000000060002d04                LPUART_GetDefaultConfig
 .text.LPUART_ClearStatusFlags
                0x0000000060002d8c       0xa4 ./drivers/fsl_lpuart.o
                0x0000000060002d8c                LPUART_ClearStatusFlags
 .text.LPUART_WriteBlocking
                0x0000000060002e30       0x68 ./drivers/fsl_lpuart.o
                0x0000000060002e30                LPUART_WriteBlocking
 .text.LPUART_ReadBlocking
                0x0000000060002e98      0x164 ./drivers/fsl_lpuart.o
                0x0000000060002e98                LPUART_ReadBlocking
 .text.LPUART1_DriverIRQHandler
                0x0000000060002ffc       0x24 ./drivers/fsl_lpuart.o
                0x0000000060002ffc                LPUART1_DriverIRQHandler
 .text.LPUART2_DriverIRQHandler
                0x0000000060003020       0x24 ./drivers/fsl_lpuart.o
                0x0000000060003020                LPUART2_DriverIRQHandler
 .text.LPUART3_DriverIRQHandler
                0x0000000060003044       0x24 ./drivers/fsl_lpuart.o
                0x0000000060003044                LPUART3_DriverIRQHandler
 .text.LPUART4_DriverIRQHandler
                0x0000000060003068       0x24 ./drivers/fsl_lpuart.o
                0x0000000060003068                LPUART4_DriverIRQHandler
 .text.SystemInit
                0x000000006000308c      0x1a8 ./device/system_MIMXRT1011.o
                0x000000006000308c                SystemInit
 .text.HAL_UartInit
                0x0000000060003234      0x100 ./component/uart/lpuart_adapter.o
                0x0000000060003234                HAL_UartInit
 .text.HAL_UartReceiveBlocking
                0x0000000060003334       0x6c ./component/uart/lpuart_adapter.o
                0x0000000060003334                HAL_UartReceiveBlocking
 .text.HAL_UartSendBlocking
                0x00000000600033a0       0x64 ./component/uart/lpuart_adapter.o
                0x00000000600033a0                HAL_UartSendBlocking
 .text.SerialManager_Write
                0x0000000060003404       0x6c ./component/serial_manager/serial_manager.o
 .text.SerialManager_Read
                0x0000000060003470       0x6c ./component/serial_manager/serial_manager.o
 .text.SerialManager_Init
                0x00000000600034dc       0x74 ./component/serial_manager/serial_manager.o
                0x00000000600034dc                SerialManager_Init
 .text.SerialManager_OpenWriteHandle
                0x0000000060003550       0x64 ./component/serial_manager/serial_manager.o
                0x0000000060003550                SerialManager_OpenWriteHandle
 .text.SerialManager_OpenReadHandle
                0x00000000600035b4       0x74 ./component/serial_manager/serial_manager.o
                0x00000000600035b4                SerialManager_OpenReadHandle
 .text.Serial_UartInit
                0x0000000060003628       0x80 ./component/serial_manager/serial_port_uart.o
                0x0000000060003628                Serial_UartInit
 .text.Serial_UartWrite
                0x00000000600036a8       0x58 ./component/serial_manager/serial_port_uart.o
                0x00000000600036a8                Serial_UartWrite
 .text.Serial_UartRead
                0x0000000060003700       0x58 ./component/serial_manager/serial_port_uart.o
                0x0000000060003700                Serial_UartRead
 .text.ARM_MPU_Enable
                0x0000000060003758       0x3c ./board/board.o
 .text.ARM_MPU_Disable
                0x0000000060003794       0x34 ./board/board.o
 .text.CLOCK_GetMux
                0x00000000600037c8       0x44 ./board/board.o
 .text.CLOCK_GetDiv
                0x000000006000380c       0x44 ./board/board.o
 .text.CLOCK_GetOscFreq
                0x0000000060003850       0x30 ./board/board.o
 .text.BOARD_DebugConsoleSrcFreq
                0x0000000060003880       0x64 ./board/board.o
                0x0000000060003880                BOARD_DebugConsoleSrcFreq
 .text.BOARD_ConfigMPU
                0x00000000600038e4      0x29c ./board/board.o
                0x00000000600038e4                BOARD_ConfigMPU
 .text.SystemInitHook
                0x0000000060003b80       0x20 ./board/board.o
                0x0000000060003b80                SystemInitHook
 .text.CLOCK_SetMux
                0x0000000060003ba0       0x9c ./board/clock_config.o
 .text.CLOCK_SetDiv
                0x0000000060003c3c       0x9c ./board/clock_config.o
 .text.CLOCK_ControlGate
                0x0000000060003cd8       0x64 ./board/clock_config.o
 .text.CLOCK_SetXtalFreq
                0x0000000060003d3c       0x20 ./board/clock_config.o
 .text.CLOCK_SetRtcXtalFreq
                0x0000000060003d5c       0x20 ./board/clock_config.o
 .text.IOMUXC_MQSConfig
                0x0000000060003d7c       0x44 ./board/clock_config.o
 .text.BOARD_BootClockRUN
                0x0000000060003dc0      0x3c0 ./board/clock_config.o
                0x0000000060003dc0                BOARD_BootClockRUN
 .text.CLOCK_ControlGate
                0x0000000060004180       0x64 ./board/pin_mux.o
 .text.BOARD_InitPins
                0x00000000600041e4       0x80 ./board/pin_mux.o
                0x00000000600041e4                BOARD_InitPins
 .text.__assertion_failed
                0x0000000060004264       0x4c /usr/local/mcuxpressoide-11.1.0_3209/ide/plugins/com.nxp.mcuxpresso.tools.linux_11.1.0.201909161352/tools/bin/../lib/gcc/arm-none-eabi/8.3.1/../../../../arm-none-eabi/lib/thumb/v7e-m+fp/hard/libcr_nohost_nf.a(_cr_assert.o)
                0x0000000060004264                __assertion_failed
 .text._Cwritebuf
                0x00000000600042b0       0x6c /usr/local/mcuxpressoide-11.1.0_3209/ide/plugins/com.nxp.mcuxpresso.tools.linux_11.1.0.201909161352/tools/bin/../lib/gcc/arm-none-eabi/8.3.1/../../../../arm-none-eabi/lib/thumb/v7e-m+fp/hard/libcr_c.a(_writebuf.o)
                0x00000000600042b0                _Cwritebuf
 .text.malloc   0x000000006000431c       0xc8 /usr/local/mcuxpressoide-11.1.0_3209/ide/plugins/com.nxp.mcuxpresso.tools.linux_11.1.0.201909161352/tools/bin/../lib/gcc/arm-none-eabi/8.3.1/../../../../arm-none-eabi/lib/thumb/v7e-m+fp/hard/libcr_c.a(alloc.o)
                0x000000006000431c                malloc
 .text._Csys_alloc
                0x00000000600043e4       0x20 /usr/local/mcuxpressoide-11.1.0_3209/ide/plugins/com.nxp.mcuxpresso.tools.linux_11.1.0.201909161352/tools/bin/../lib/gcc/arm-none-eabi/8.3.1/../../../../arm-none-eabi/lib/thumb/v7e-m+fp/hard/libcr_c.a(alloc.o)
                0x00000000600043e4                _Csys_alloc
 .text.fseek    0x0000000060004404      0x100 /usr/local/mcuxpressoide-11.1.0_3209/ide/plugins/com.nxp.mcuxpresso.tools.linux_11.1.0.201909161352/tools/bin/../lib/gcc/arm-none-eabi/8.3.1/../../../../arm-none-eabi/lib/thumb/v7e-m+fp/hard/libcr_c.a(fseek.o)
                0x0000000060004404                fseek
 .text.ftell    0x0000000060004504       0x48 /usr/local/mcuxpressoide-11.1.0_3209/ide/plugins/com.nxp.mcuxpresso.tools.linux_11.1.0.201909161352/tools/bin/../lib/gcc/arm-none-eabi/8.3.1/../../../../arm-none-eabi/lib/thumb/v7e-m+fp/hard/libcr_c.a(ftell.o)
                0x0000000060004504                ftell
 .text._initio  0x000000006000454c       0x78 /usr/local/mcuxpressoide-11.1.0_3209/ide/plugins/com.nxp.mcuxpresso.tools.linux_11.1.0.201909161352/tools/bin/../lib/gcc/arm-none-eabi/8.3.1/../../../../arm-none-eabi/lib/thumb/v7e-m+fp/hard/libcr_c.a(initio.o)
                0x000000006000454c                _initio
 .text.setvbuf  0x00000000600045c4       0x40 /usr/local/mcuxpressoide-11.1.0_3209/ide/plugins/com.nxp.mcuxpresso.tools.linux_11.1.0.201909161352/tools/bin/../lib/gcc/arm-none-eabi/8.3.1/../../../../arm-none-eabi/lib/thumb/v7e-m+fp/hard/libcr_c.a(setvbuf.o)
                0x00000000600045c4                setvbuf
 .text._sbrk    0x0000000060004604       0x3c /usr/local/mcuxpressoide-11.1.0_3209/ide/plugins/com.nxp.mcuxpresso.tools.linux_11.1.0.201909161352/tools/bin/../lib/gcc/arm-none-eabi/8.3.1/../../../../arm-none-eabi/lib/thumb/v7e-m+fp/hard/libcr_c.a(_cr_sbrk.o)
                0x0000000060004604                _sbrk
 .text.fflush   0x0000000060004640       0x44 /usr/local/mcuxpressoide-11.1.0_3209/ide/plugins/com.nxp.mcuxpresso.tools.linux_11.1.0.201909161352/tools/bin/../lib/gcc/arm-none-eabi/8.3.1/../../../../arm-none-eabi/lib/thumb/v7e-m+fp/hard/libcr_c.a(fflush.o)
                0x0000000060004640                fflush
 .text.__check_heap_overflow
                0x0000000060004684       0x18 /usr/local/mcuxpressoide-11.1.0_3209/ide/plugins/com.nxp.mcuxpresso.tools.linux_11.1.0.201909161352/tools/bin/../lib/gcc/arm-none-eabi/8.3.1/../../../../arm-none-eabi/lib/thumb/v7e-m+fp/hard/libcr_c.a(_cr_check_heap.o)
                0x0000000060004684                __check_heap_overflow
 .text.DbgConsole_PrintCallback
                0x000000006000469c       0x64 ./utilities/fsl_debug_console.o
 .text.DbgConsole_Putchar
                0x0000000060004700       0x1c ./utilities/fsl_debug_console.o
                0x0000000060004700                DbgConsole_Putchar
 .text.DbgConsole_Getchar
                0x000000006000471c       0x1c ./utilities/fsl_debug_console.o
                0x000000006000471c                DbgConsole_Getchar
 .text.ConvertRadixNumToString
                0x0000000060004738      0x114 ./utilities/fsl_str.o
 .text.StrFormatPrintf
                0x000000006000484c      0x30c ./utilities/fsl_str.o
                0x000000006000484c                StrFormatPrintf
 .text.DMA0_IRQHandler
                0x0000000060004b58        0x8 ./startup/startup_mimxrt1011.o
                0x0000000060004b58                DMA0_IRQHandler
 .text.DMA1_IRQHandler
                0x0000000060004b60        0x8 ./startup/startup_mimxrt1011.o
                0x0000000060004b60                DMA1_IRQHandler
 .text.DMA2_IRQHandler
                0x0000000060004b68        0x8 ./startup/startup_mimxrt1011.o
                0x0000000060004b68                DMA2_IRQHandler
 .text.DMA3_IRQHandler
                0x0000000060004b70        0x8 ./startup/startup_mimxrt1011.o
                0x0000000060004b70                DMA3_IRQHandler
 .text.DMA4_IRQHandler
                0x0000000060004b78        0x8 ./startup/startup_mimxrt1011.o
                0x0000000060004b78                DMA4_IRQHandler
 .text.DMA5_IRQHandler
                0x0000000060004b80        0x8 ./startup/startup_mimxrt1011.o
                0x0000000060004b80                DMA5_IRQHandler
 .text.DMA6_IRQHandler
                0x0000000060004b88        0x8 ./startup/startup_mimxrt1011.o
                0x0000000060004b88                DMA6_IRQHandler
 .text.DMA7_IRQHandler
                0x0000000060004b90        0x8 ./startup/startup_mimxrt1011.o
                0x0000000060004b90                DMA7_IRQHandler
 .text.DMA8_IRQHandler
                0x0000000060004b98        0x8 ./startup/startup_mimxrt1011.o
                0x0000000060004b98                DMA8_IRQHandler
 .text.DMA9_IRQHandler
                0x0000000060004ba0        0x8 ./startup/startup_mimxrt1011.o
                0x0000000060004ba0                DMA9_IRQHandler
 .text.DMA10_IRQHandler
                0x0000000060004ba8        0x8 ./startup/startup_mimxrt1011.o
                0x0000000060004ba8                DMA10_IRQHandler
 .text.DMA11_IRQHandler
                0x0000000060004bb0        0x8 ./startup/startup_mimxrt1011.o
                0x0000000060004bb0                DMA11_IRQHandler
 .text.DMA12_IRQHandler
                0x0000000060004bb8        0x8 ./startup/startup_mimxrt1011.o
                0x0000000060004bb8                DMA12_IRQHandler
 .text.DMA13_IRQHandler
                0x0000000060004bc0        0x8 ./startup/startup_mimxrt1011.o
                0x0000000060004bc0                DMA13_IRQHandler
 .text.DMA14_IRQHandler
                0x0000000060004bc8        0x8 ./startup/startup_mimxrt1011.o
                0x0000000060004bc8                DMA14_IRQHandler
 .text.DMA15_IRQHandler
                0x0000000060004bd0        0x8 ./startup/startup_mimxrt1011.o
                0x0000000060004bd0                DMA15_IRQHandler
 .text.DMA_ERROR_IRQHandler
                0x0000000060004bd8        0x8 ./startup/startup_mimxrt1011.o
                0x0000000060004bd8                DMA_ERROR_IRQHandler
 .text.CTI0_ERROR_IRQHandler
                0x0000000060004be0        0x8 ./startup/startup_mimxrt1011.o
                0x0000000060004be0                CTI0_ERROR_IRQHandler
 .text.CTI1_ERROR_IRQHandler
                0x0000000060004be8        0x8 ./startup/startup_mimxrt1011.o
                0x0000000060004be8                CTI1_ERROR_IRQHandler
 .text.CORE_IRQHandler
                0x0000000060004bf0        0x8 ./startup/startup_mimxrt1011.o
                0x0000000060004bf0                CORE_IRQHandler
 .text.LPUART1_IRQHandler
                0x0000000060004bf8        0x8 ./startup/startup_mimxrt1011.o
                0x0000000060004bf8                LPUART1_IRQHandler
 .text.LPUART2_IRQHandler
                0x0000000060004c00        0x8 ./startup/startup_mimxrt1011.o
                0x0000000060004c00                LPUART2_IRQHandler
 .text.LPUART3_IRQHandler
                0x0000000060004c08        0x8 ./startup/startup_mimxrt1011.o
                0x0000000060004c08                LPUART3_IRQHandler
 .text.LPUART4_IRQHandler
                0x0000000060004c10        0x8 ./startup/startup_mimxrt1011.o
                0x0000000060004c10                LPUART4_IRQHandler
 .text.PIT_IRQHandler
                0x0000000060004c18        0x8 ./startup/startup_mimxrt1011.o
                0x0000000060004c18                PIT_IRQHandler
 .text.USB_OTG1_IRQHandler
                0x0000000060004c20        0x8 ./startup/startup_mimxrt1011.o
                0x0000000060004c20                USB_OTG1_IRQHandler
 .text.FLEXSPI_IRQHandler
                0x0000000060004c28        0x8 ./startup/startup_mimxrt1011.o
                0x0000000060004c28                FLEXSPI_IRQHandler
 .text.FLEXRAM_IRQHandler
                0x0000000060004c30        0x8 ./startup/startup_mimxrt1011.o
                0x0000000060004c30                FLEXRAM_IRQHandler
 .text.LPI2C1_IRQHandler
                0x0000000060004c38        0x8 ./startup/startup_mimxrt1011.o
                0x0000000060004c38                LPI2C1_IRQHandler
 .text.LPI2C2_IRQHandler
                0x0000000060004c40        0x8 ./startup/startup_mimxrt1011.o
                0x0000000060004c40                LPI2C2_IRQHandler
 .text.GPT1_IRQHandler
                0x0000000060004c48        0x8 ./startup/startup_mimxrt1011.o
                0x0000000060004c48                GPT1_IRQHandler
 .text.GPT2_IRQHandler
                0x0000000060004c50        0x8 ./startup/startup_mimxrt1011.o
                0x0000000060004c50                GPT2_IRQHandler
 .text.LPSPI1_IRQHandler
                0x0000000060004c58        0x8 ./startup/startup_mimxrt1011.o
                0x0000000060004c58                LPSPI1_IRQHandler
 .text.LPSPI2_IRQHandler
                0x0000000060004c60        0x8 ./startup/startup_mimxrt1011.o
                0x0000000060004c60                LPSPI2_IRQHandler
 .text.PWM1_0_IRQHandler
                0x0000000060004c68        0x8 ./startup/startup_mimxrt1011.o
                0x0000000060004c68                PWM1_0_IRQHandler
 .text.PWM1_1_IRQHandler
                0x0000000060004c70        0x8 ./startup/startup_mimxrt1011.o
                0x0000000060004c70                PWM1_1_IRQHandler
 .text.PWM1_2_IRQHandler
                0x0000000060004c78        0x8 ./startup/startup_mimxrt1011.o
                0x0000000060004c78                PWM1_2_IRQHandler
 .text.PWM1_3_IRQHandler
                0x0000000060004c80        0x8 ./startup/startup_mimxrt1011.o
                0x0000000060004c80                PWM1_3_IRQHandler
 .text.PWM1_FAULT_IRQHandler
                0x0000000060004c88        0x8 ./startup/startup_mimxrt1011.o
                0x0000000060004c88                PWM1_FAULT_IRQHandler
 .text.KPP_IRQHandler
                0x0000000060004c90        0x8 ./startup/startup_mimxrt1011.o
                0x0000000060004c90                KPP_IRQHandler
 .text.SRC_IRQHandler
                0x0000000060004c98        0x8 ./startup/startup_mimxrt1011.o
                0x0000000060004c98                SRC_IRQHandler
 .text.GPR_IRQ_IRQHandler
                0x0000000060004ca0        0x8 ./startup/startup_mimxrt1011.o
                0x0000000060004ca0                GPR_IRQ_IRQHandler
 .text.CCM_1_IRQHandler
                0x0000000060004ca8        0x8 ./startup/startup_mimxrt1011.o
                0x0000000060004ca8                CCM_1_IRQHandler
 .text.CCM_2_IRQHandler
                0x0000000060004cb0        0x8 ./startup/startup_mimxrt1011.o
                0x0000000060004cb0                CCM_2_IRQHandler
 .text.EWM_IRQHandler
                0x0000000060004cb8        0x8 ./startup/startup_mimxrt1011.o
                0x0000000060004cb8                EWM_IRQHandler
 .text.WDOG2_IRQHandler
                0x0000000060004cc0        0x8 ./startup/startup_mimxrt1011.o
                0x0000000060004cc0                WDOG2_IRQHandler
 .text.SNVS_HP_WRAPPER_IRQHandler
                0x0000000060004cc8        0x8 ./startup/startup_mimxrt1011.o
                0x0000000060004cc8                SNVS_HP_WRAPPER_IRQHandler
 .text.SNVS_HP_WRAPPER_TZ_IRQHandler
                0x0000000060004cd0        0x8 ./startup/startup_mimxrt1011.o
                0x0000000060004cd0                SNVS_HP_WRAPPER_TZ_IRQHandler
 .text.SNVS_LP_WRAPPER_IRQHandler
                0x0000000060004cd8        0x8 ./startup/startup_mimxrt1011.o
                0x0000000060004cd8                SNVS_LP_WRAPPER_IRQHandler
 .text.CSU_IRQHandler
                0x0000000060004ce0        0x8 ./startup/startup_mimxrt1011.o
                0x0000000060004ce0                CSU_IRQHandler
 .text.DCP_IRQHandler
                0x0000000060004ce8        0x8 ./startup/startup_mimxrt1011.o
                0x0000000060004ce8                DCP_IRQHandler
 .text.DCP_VMI_IRQHandler
                0x0000000060004cf0        0x8 ./startup/startup_mimxrt1011.o
                0x0000000060004cf0                DCP_VMI_IRQHandler
 .text.Reserved68_IRQHandler
                0x0000000060004cf8        0x8 ./startup/startup_mimxrt1011.o
                0x0000000060004cf8                Reserved68_IRQHandler
 .text.TRNG_IRQHandler
                0x0000000060004d00        0x8 ./startup/startup_mimxrt1011.o
                0x0000000060004d00                TRNG_IRQHandler
 .text.Reserved70_IRQHandler
                0x0000000060004d08        0x8 ./startup/startup_mimxrt1011.o
                0x0000000060004d08                Reserved70_IRQHandler
 .text.Reserved71_IRQHandler
                0x0000000060004d10        0x8 ./startup/startup_mimxrt1011.o
                0x0000000060004d10                Reserved71_IRQHandler
 .text.SAI1_IRQHandler
                0x0000000060004d18        0x8 ./startup/startup_mimxrt1011.o
                0x0000000060004d18                SAI1_IRQHandler
 .text.RTWDOG_IRQHandler
                0x0000000060004d20        0x8 ./startup/startup_mimxrt1011.o
                0x0000000060004d20                RTWDOG_IRQHandler
 .text.SAI3_RX_IRQHandler
                0x0000000060004d28        0x8 ./startup/startup_mimxrt1011.o
                0x0000000060004d28                SAI3_RX_IRQHandler
 .text.SAI3_TX_IRQHandler
                0x0000000060004d30        0x8 ./startup/startup_mimxrt1011.o
                0x0000000060004d30                SAI3_TX_IRQHandler
 .text.SPDIF_IRQHandler
                0x0000000060004d38        0x8 ./startup/startup_mimxrt1011.o
                0x0000000060004d38                SPDIF_IRQHandler
 .text.PMU_IRQHandler
                0x0000000060004d40        0x8 ./startup/startup_mimxrt1011.o
                0x0000000060004d40                PMU_IRQHandler
 .text.XBAR1_IRQ_0_1_2_3_IRQHandler
                0x0000000060004d48        0x8 ./startup/startup_mimxrt1011.o
                0x0000000060004d48                XBAR1_IRQ_0_1_2_3_IRQHandler
 .text.TEMP_LOW_HIGH_IRQHandler
                0x0000000060004d50        0x8 ./startup/startup_mimxrt1011.o
                0x0000000060004d50                TEMP_LOW_HIGH_IRQHandler
 .text.TEMP_PANIC_IRQHandler
                0x0000000060004d58        0x8 ./startup/startup_mimxrt1011.o
                0x0000000060004d58                TEMP_PANIC_IRQHandler
 .text.USB_PHY_IRQHandler
                0x0000000060004d60        0x8 ./startup/startup_mimxrt1011.o
                0x0000000060004d60                USB_PHY_IRQHandler
 .text.GPC_IRQHandler
                0x0000000060004d68        0x8 ./startup/startup_mimxrt1011.o
                0x0000000060004d68                GPC_IRQHandler
 .text.ADC1_IRQHandler
                0x0000000060004d70        0x8 ./startup/startup_mimxrt1011.o
                0x0000000060004d70                ADC1_IRQHandler
 .text.FLEXIO1_IRQHandler
                0x0000000060004d78        0x8 ./startup/startup_mimxrt1011.o
                0x0000000060004d78                FLEXIO1_IRQHandler
 .text.DCDC_IRQHandler
                0x0000000060004d80        0x8 ./startup/startup_mimxrt1011.o
                0x0000000060004d80                DCDC_IRQHandler
 .text.GPIO1_Combined_0_15_IRQHandler
                0x0000000060004d88        0x8 ./startup/startup_mimxrt1011.o
                0x0000000060004d88                GPIO1_Combined_0_15_IRQHandler
 .text.GPIO1_Combined_16_31_IRQHandler
                0x0000000060004d90        0x8 ./startup/startup_mimxrt1011.o
                0x0000000060004d90                GPIO1_Combined_16_31_IRQHandler
 .text.GPIO2_Combined_0_15_IRQHandler
                0x0000000060004d98        0x8 ./startup/startup_mimxrt1011.o
                0x0000000060004d98                GPIO2_Combined_0_15_IRQHandler
 .text.GPIO5_Combined_0_15_IRQHandler
                0x0000000060004da0        0x8 ./startup/startup_mimxrt1011.o
                0x0000000060004da0                GPIO5_Combined_0_15_IRQHandler
 .text.WDOG1_IRQHandler
                0x0000000060004da8        0x8 ./startup/startup_mimxrt1011.o
                0x0000000060004da8                WDOG1_IRQHandler
 .text.ADC_ETC_IRQ0_IRQHandler
                0x0000000060004db0        0x8 ./startup/startup_mimxrt1011.o
                0x0000000060004db0                ADC_ETC_IRQ0_IRQHandler
 .text.ADC_ETC_IRQ1_IRQHandler
                0x0000000060004db8        0x8 ./startup/startup_mimxrt1011.o
                0x0000000060004db8                ADC_ETC_IRQ1_IRQHandler
 .text.ADC_ETC_IRQ2_IRQHandler
                0x0000000060004dc0        0x8 ./startup/startup_mimxrt1011.o
                0x0000000060004dc0                ADC_ETC_IRQ2_IRQHandler
 .text.ADC_ETC_IRQ3_IRQHandler
                0x0000000060004dc8        0x8 ./startup/startup_mimxrt1011.o
                0x0000000060004dc8                ADC_ETC_IRQ3_IRQHandler
 .text.ADC_ETC_ERROR_IRQ_IRQHandler
                0x0000000060004dd0        0x8 ./startup/startup_mimxrt1011.o
                0x0000000060004dd0                ADC_ETC_ERROR_IRQ_IRQHandler
 .text.HardFault_Handler
                0x0000000060004dd8       0x2c ./source/semihost_hardfault.o
                0x0000000060004dd8                HardFault_Handler
 .text.CLOCK_IsPllBypassed
                0x0000000060004e04       0x32 ./drivers/fsl_clock.o
 .text.CLOCK_IsPllEnabled
                0x0000000060004e36       0x3c ./drivers/fsl_clock.o
 .text.CLOCK_GetPllBypassRefClk
                0x0000000060004e72       0x34 ./drivers/fsl_clock.o
 .text.CLOCK_EnableClock
                0x0000000060004ea6       0x1e ./drivers/fsl_lpuart.o
 .text.LPUART_SoftwareReset
                0x0000000060004ec4       0x2c ./drivers/fsl_lpuart.o
 .text.LPUART_GetStatusFlags
                0x0000000060004ef0       0x2c ./drivers/fsl_lpuart.o
                0x0000000060004ef0                LPUART_GetStatusFlags
 .text.HAL_UartGetStatus
                0x0000000060004f1c       0x22 ./component/uart/lpuart_adapter.o
 .text.DisableGlobalIRQ
                0x0000000060004f3e       0x20 ./component/serial_manager/serial_manager.o
 .text.EnableGlobalIRQ
                0x0000000060004f5e       0x1e ./component/serial_manager/serial_manager.o
 .text.SerialManager_StartWriting
                0x0000000060004f7c       0x4a ./component/serial_manager/serial_manager.o
 .text.SerialManager_StartReading
                0x0000000060004fc6       0x4a ./component/serial_manager/serial_manager.o
 .text.SerialManager_WriteBlocking
                0x0000000060005010       0x20 ./component/serial_manager/serial_manager.o
                0x0000000060005010                SerialManager_WriteBlocking
 .text.SerialManager_ReadBlocking
                0x0000000060005030       0x20 ./component/serial_manager/serial_manager.o
                0x0000000060005030                SerialManager_ReadBlocking
 .text.BOARD_InitDebugConsole
                0x0000000060005050       0x22 ./board/board.o
                0x0000000060005050                BOARD_InitDebugConsole
 .text.CLOCK_DisableClock
                0x0000000060005072       0x1e ./board/clock_config.o
 .text.CLOCK_SetPllBypass
                0x0000000060005090       0x4e ./board/clock_config.o
 .text.IOMUXC_SetSaiMClkClockSource
                0x00000000600050de       0x6c ./board/clock_config.o
 .text.CLOCK_EnableClock
                0x000000006000514a       0x1e ./board/pin_mux.o
 .text.IOMUXC_SetPinMux
                0x0000000060005168       0x3a ./board/pin_mux.o
 .text.IOMUXC_SetPinConfig
                0x00000000600051a2       0x26 ./board/pin_mux.o
 .text.__main   0x00000000600051c8        0xe /usr/local/mcuxpressoide-11.1.0_3209/ide/plugins/com.nxp.mcuxpresso.tools.linux_11.1.0.201909161352/tools/bin/../lib/gcc/arm-none-eabi/8.3.1/../../../../arm-none-eabi/lib/thumb/v7e-m+fp/hard/libcr_nohost_nf.a(_cr__main.o)
                0x00000000600051c8                __main
 .text.__sys_appexit
                0x00000000600051d6        0x2 /usr/local/mcuxpressoide-11.1.0_3209/ide/plugins/com.nxp.mcuxpresso.tools.linux_11.1.0.201909161352/tools/bin/../lib/gcc/arm-none-eabi/8.3.1/../../../../arm-none-eabi/lib/thumb/v7e-m+fp/hard/libcr_nohost_nf.a(__sys_appexit.o)
                0x00000000600051d6                __exit
                0x00000000600051d6                __sys_appexit
 .text.memset   0x00000000600051d8        0x4 /usr/local/mcuxpressoide-11.1.0_3209/ide/plugins/com.nxp.mcuxpresso.tools.linux_11.1.0.201909161352/tools/bin/../lib/gcc/arm-none-eabi/8.3.1/../../../../arm-none-eabi/lib/thumb/v7e-m+fp/hard/libcr_c.a(memset.o)
                0x00000000600051d8                memset
 .text._deferredlazyseek
                0x00000000600051dc       0x40 /usr/local/mcuxpressoide-11.1.0_3209/ide/plugins/com.nxp.mcuxpresso.tools.linux_11.1.0.201909161352/tools/bin/../lib/gcc/arm-none-eabi/8.3.1/../../../../arm-none-eabi/lib/thumb/v7e-m+fp/hard/libcr_c.a(_deferredlazyseek.o)
                0x00000000600051dc                _deferredlazyseek
 .text.__flsbuf
                0x000000006000521c      0x140 /usr/local/mcuxpressoide-11.1.0_3209/ide/plugins/com.nxp.mcuxpresso.tools.linux_11.1.0.201909161352/tools/bin/../lib/gcc/arm-none-eabi/8.3.1/../../../../arm-none-eabi/lib/thumb/v7e-m+fp/hard/libcr_c.a(_deferredlazyseek.o)
                0x000000006000521c                __flsbuf
 .text._fflush  0x000000006000535c       0x52 /usr/local/mcuxpressoide-11.1.0_3209/ide/plugins/com.nxp.mcuxpresso.tools.linux_11.1.0.201909161352/tools/bin/../lib/gcc/arm-none-eabi/8.3.1/../../../../arm-none-eabi/lib/thumb/v7e-m+fp/hard/libcr_c.a(_fflush.o)
                0x000000006000535c                _fflush
 .text.free     0x00000000600053ae       0x30 /usr/local/mcuxpressoide-11.1.0_3209/ide/plugins/com.nxp.mcuxpresso.tools.linux_11.1.0.201909161352/tools/bin/../lib/gcc/arm-none-eabi/8.3.1/../../../../arm-none-eabi/lib/thumb/v7e-m+fp/hard/libcr_c.a(alloc.o)
                0x00000000600053ae                free
 .text.fputs    0x00000000600053de       0x2c /usr/local/mcuxpressoide-11.1.0_3209/ide/plugins/com.nxp.mcuxpresso.tools.linux_11.1.0.201909161352/tools/bin/../lib/gcc/arm-none-eabi/8.3.1/../../../../arm-none-eabi/lib/thumb/v7e-m+fp/hard/libcr_c.a(fputs.o)
                0x00000000600053de                fputs
 .text.strlen   0x000000006000540a       0x4c /usr/local/mcuxpressoide-11.1.0_3209/ide/plugins/com.nxp.mcuxpresso.tools.linux_11.1.0.201909161352/tools/bin/../lib/gcc/arm-none-eabi/8.3.1/../../../../arm-none-eabi/lib/thumb/v7e-m+fp/hard/libcr_c.a(strlen.o)
                0x000000006000540a                strlen
 .text._fdopen  0x0000000060005456       0x68 /usr/local/mcuxpressoide-11.1.0_3209/ide/plugins/com.nxp.mcuxpresso.tools.linux_11.1.0.201909161352/tools/bin/../lib/gcc/arm-none-eabi/8.3.1/../../../../arm-none-eabi/lib/thumb/v7e-m+fp/hard/libcr_c.a(_fdopen.o)
                0x0000000060005456                _fdopen
 .text.fclose   0x00000000600054be       0x58 /usr/local/mcuxpressoide-11.1.0_3209/ide/plugins/com.nxp.mcuxpresso.tools.linux_11.1.0.201909161352/tools/bin/../lib/gcc/arm-none-eabi/8.3.1/../../../../arm-none-eabi/lib/thumb/v7e-m+fp/hard/libcr_c.a(fclose.o)
                0x00000000600054be                fclose
 .text.remove   0x0000000060005516       0x14 /usr/local/mcuxpressoide-11.1.0_3209/ide/plugins/com.nxp.mcuxpresso.tools.linux_11.1.0.201909161352/tools/bin/../lib/gcc/arm-none-eabi/8.3.1/../../../../arm-none-eabi/lib/thumb/v7e-m+fp/hard/libcr_c.a(remove.o)
                0x0000000060005516                remove
 .text._do_fflush
                0x000000006000552a       0x40 /usr/local/mcuxpressoide-11.1.0_3209/ide/plugins/com.nxp.mcuxpresso.tools.linux_11.1.0.201909161352/tools/bin/../lib/gcc/arm-none-eabi/8.3.1/../../../../arm-none-eabi/lib/thumb/v7e-m+fp/hard/libcr_c.a(_do_fflush.o)
                0x000000006000552a                _do_fflush
 .text.__aeabi_division_uldivmod
                0x000000006000556a      0x174 /usr/local/mcuxpressoide-11.1.0_3209/ide/plugins/com.nxp.mcuxpresso.tools.linux_11.1.0.201909161352/tools/bin/../lib/gcc/arm-none-eabi/8.3.1/thumb/v7e-m+fp/hard/libcr_eabihelpers.a(division_64.o)
                0x000000006000556a                __aeabi_uldivmod
                0x000000006000556e                __bhs_ldivmod1
 .text.__aeabi_division_idiv0
                0x00000000600056de        0x2 /usr/local/mcuxpressoide-11.1.0_3209/ide/plugins/com.nxp.mcuxpresso.tools.linux_11.1.0.201909161352/tools/bin/../lib/gcc/arm-none-eabi/8.3.1/thumb/v7e-m+fp/hard/libcr_eabihelpers.a(division_idiv0.o)
                0x00000000600056de                __aeabi_idiv0
 .text.__aeabi_memset_lowlevel
                0x00000000600056e0       0x32 /usr/local/mcuxpressoide-11.1.0_3209/ide/plugins/com.nxp.mcuxpresso.tools.linux_11.1.0.201909161352/tools/bin/../lib/gcc/arm-none-eabi/8.3.1/thumb/v7e-m+fp/hard/libcr_eabihelpers.a(memcpy.o)
                0x00000000600056e0                __aeabi_lowlevel_memset
 .text.__sys_close
                0x0000000060005712        0x6 /usr/local/mcuxpressoide-11.1.0_3209/ide/plugins/com.nxp.mcuxpresso.tools.linux_11.1.0.201909161352/tools/bin/../lib/gcc/arm-none-eabi/8.3.1/../../../../arm-none-eabi/lib/thumb/v7e-m+fp/hard/libcr_nohost_nf.a(__sys_close.o)
                0x0000000060005712                __sys_close
 .text.__sys_flen
                0x0000000060005718        0x6 /usr/local/mcuxpressoide-11.1.0_3209/ide/plugins/com.nxp.mcuxpresso.tools.linux_11.1.0.201909161352/tools/bin/../lib/gcc/arm-none-eabi/8.3.1/../../../../arm-none-eabi/lib/thumb/v7e-m+fp/hard/libcr_nohost_nf.a(__sys_flen.o)
                0x0000000060005718                __sys_flen
 .text.__sys_istty
                0x000000006000571e        0x6 /usr/local/mcuxpressoide-11.1.0_3209/ide/plugins/com.nxp.mcuxpresso.tools.linux_11.1.0.201909161352/tools/bin/../lib/gcc/arm-none-eabi/8.3.1/../../../../arm-none-eabi/lib/thumb/v7e-m+fp/hard/libcr_nohost_nf.a(__sys_istty.o)
                0x000000006000571e                __sys_istty
 .text.__sys_remove
                0x0000000060005724        0x6 /usr/local/mcuxpressoide-11.1.0_3209/ide/plugins/com.nxp.mcuxpresso.tools.linux_11.1.0.201909161352/tools/bin/../lib/gcc/arm-none-eabi/8.3.1/../../../../arm-none-eabi/lib/thumb/v7e-m+fp/hard/libcr_nohost_nf.a(__sys_remove.o)
                0x0000000060005724                __sys_remove
 .text.__sys_seek
                0x000000006000572a        0x6 /usr/local/mcuxpressoide-11.1.0_3209/ide/plugins/com.nxp.mcuxpresso.tools.linux_11.1.0.201909161352/tools/bin/../lib/gcc/arm-none-eabi/8.3.1/../../../../arm-none-eabi/lib/thumb/v7e-m+fp/hard/libcr_nohost_nf.a(__sys_seek.o)
                0x000000006000572a                __sys_seek
 .text.__sys_tmpnam
                0x0000000060005730        0x6 /usr/local/mcuxpressoide-11.1.0_3209/ide/plugins/com.nxp.mcuxpresso.tools.linux_11.1.0.201909161352/tools/bin/../lib/gcc/arm-none-eabi/8.3.1/../../../../arm-none-eabi/lib/thumb/v7e-m+fp/hard/libcr_nohost_nf.a(__sys_tmpnam.o)
                0x0000000060005730                __sys_tmpnam
 .text.__sys_write
                0x0000000060005736        0x4 /usr/local/mcuxpressoide-11.1.0_3209/ide/plugins/com.nxp.mcuxpresso.tools.linux_11.1.0.201909161352/tools/bin/../lib/gcc/arm-none-eabi/8.3.1/../../../../arm-none-eabi/lib/thumb/v7e-m+fp/hard/libcr_nohost_nf.a(__sys_write.o)
                0x0000000060005736                __sys_write
 *(SORT_BY_ALIGNMENT(.rodata) SORT_BY_ALIGNMENT(.rodata.*) SORT_BY_ALIGNMENT(.constdata) SORT_BY_ALIGNMENT(.constdata.*))
 *fill*         0x000000006000573a        0x2 ff
 .rodata.DbgConsole_SendDataReliable.str1.4
                0x000000006000573c       0x4d ./utilities/fsl_debug_console.o
 *fill*         0x0000000060005789        0x3 ff
 .rodata.DbgConsole_ReadCharacter.str1.4
                0x000000006000578c       0x1e ./utilities/fsl_debug_console.o
 *fill*         0x00000000600057aa        0x2 ff
 .rodata.DbgConsole_Init.str1.4
                0x00000000600057ac       0xcb ./utilities/fsl_debug_console.o
 *fill*         0x0000000060005877        0x1 ff
 .rodata.main.str1.4
                0x0000000060005878        0xf ./source/hello_world.o
 *fill*         0x0000000060005887        0x1 ff
 .rodata.CLOCK_InitExternalClk.str1.4
                0x0000000060005888       0x22 ./drivers/fsl_clock.o
 *fill*         0x00000000600058aa        0x2 ff
 .rodata.CLOCK_ControlGate.str1.4
                0x00000000600058ac       0x1e ./drivers/fsl_lpuart.o
 *fill*         0x00000000600058ca        0x2 ff
 .rodata.s_lpuartBases
                0x00000000600058cc       0x14 ./drivers/fsl_lpuart.o
 .rodata.s_lpuartClock
                0x00000000600058e0        0xa ./drivers/fsl_lpuart.o
 *fill*         0x00000000600058ea        0x2 ff
 .rodata.LPUART_GetInstance.str1.4
                0x00000000600058ec       0x39 ./drivers/fsl_lpuart.o
 *fill*         0x0000000060005925        0x3 ff
 .rodata.LPUART_Init.str1.4
                0x0000000060005928      0x10c ./drivers/fsl_lpuart.o
 .rodata.LPUART_GetDefaultConfig.str1.4
                0x0000000060005a34       0x23 ./drivers/fsl_lpuart.o
 *fill*         0x0000000060005a57        0x1 ff
 .rodata.LPUART_WriteBlocking.str1.4
                0x0000000060005a58       0x21 ./drivers/fsl_lpuart.o
 *fill*         0x0000000060005a79        0x3 ff
 .rodata.LPUART_ReadBlocking.str1.4
                0x0000000060005a7c       0x21 ./drivers/fsl_lpuart.o
 *fill*         0x0000000060005a9d        0x3 ff
 .rodata.s_LpuartAdapterBase
                0x0000000060005aa0       0x14 ./component/uart/lpuart_adapter.o
 .rodata.HAL_UartInit.str1.4
                0x0000000060005ab4       0xe2 ./component/uart/lpuart_adapter.o
 *fill*         0x0000000060005b96        0x2 ff
 .rodata.HAL_UartReceiveBlocking.str1.4
                0x0000000060005b98       0x5f ./component/uart/lpuart_adapter.o
 *fill*         0x0000000060005bf7        0x1 ff
 .rodata.HAL_UartSendBlocking.str1.4
                0x0000000060005bf8       0x5f ./component/uart/lpuart_adapter.o
 *fill*         0x0000000060005c57        0x1 ff
 .rodata.SerialManager_Write.str1.4
                0x0000000060005c58       0x83 ./component/serial_manager/serial_manager.o
 *fill*         0x0000000060005cdb        0x1 ff
 .rodata.SerialManager_Read.str1.4
                0x0000000060005cdc       0x83 ./component/serial_manager/serial_manager.o
 *fill*         0x0000000060005d5f        0x1 ff
 .rodata.SerialManager_Init.str1.4
                0x0000000060005d60       0x45 ./component/serial_manager/serial_manager.o
 *fill*         0x0000000060005da5        0x3 ff
 .rodata.SerialManager_OpenWriteHandle.str1.4
                0x0000000060005da8       0x4d ./component/serial_manager/serial_manager.o
 *fill*         0x0000000060005df5        0x3 ff
 .rodata.SerialManager_OpenReadHandle.str1.4
                0x0000000060005df8       0x4c ./component/serial_manager/serial_manager.o
 .rodata.Serial_UartInit.str1.4
                0x0000000060005e44       0x4f ./component/serial_manager/serial_port_uart.o
 *fill*         0x0000000060005e93        0x1 ff
 .rodata.Serial_UartWrite.str1.4
                0x0000000060005e94       0x6d ./component/serial_manager/serial_port_uart.o
 *fill*         0x0000000060005f01        0x3 ff
 .rodata.Serial_UartRead.str1.4
                0x0000000060005f04       0x6d ./component/serial_manager/serial_port_uart.o
 *fill*         0x0000000060005f71        0x3 ff
 .rodata.BOARD_ConfigMPU.str1.4
                0x0000000060005f74       0x6a ./board/board.o
 *fill*         0x0000000060005fde        0x2 ff
 .rodata.CLOCK_SetMux.str1.4
                0x0000000060005fe0       0x76 ./board/clock_config.o
 *fill*         0x0000000060006056        0x2 ff
 .rodata.CLOCK_SetDiv.str1.4
                0x0000000060006058       0x76 ./board/clock_config.o
 *fill*         0x00000000600060ce        0x2 ff
 .rodata.CLOCK_ControlGate.str1.4
                0x00000000600060d0       0x64 ./board/clock_config.o
                                         0x63 (size before relaxing)
 .rodata.sysPllConfig_BOARD_BootClockRUN
                0x0000000060006134       0x14 ./board/clock_config.o
                0x0000000060006134                sysPllConfig_BOARD_BootClockRUN
 .rodata.enetPllConfig_BOARD_BootClockRUN
                0x0000000060006148        0x5 ./board/clock_config.o
                0x0000000060006148                enetPllConfig_BOARD_BootClockRUN
 .rodata.CLOCK_ControlGate.str1.4
                0x000000006000614d       0x63 ./board/pin_mux.o
 *fill*         0x000000006000614d        0x3 ff
 .rodata.__num_Ciob_streams
                0x0000000060006150        0x4 /usr/local/mcuxpressoide-11.1.0_3209/ide/plugins/com.nxp.mcuxpresso.tools.linux_11.1.0.201909161352/tools/bin/../lib/gcc/arm-none-eabi/8.3.1/../../../../arm-none-eabi/lib/thumb/v7e-m+fp/hard/libcr_nohost_nf.a(__ciob.o)
                0x0000000060006150                __num_Ciob_streams
 .rodata.__assertion_failed.str1.1
                0x0000000060006154       0x15 /usr/local/mcuxpressoide-11.1.0_3209/ide/plugins/com.nxp.mcuxpresso.tools.linux_11.1.0.201909161352/tools/bin/../lib/gcc/arm-none-eabi/8.3.1/../../../../arm-none-eabi/lib/thumb/v7e-m+fp/hard/libcr_nohost_nf.a(_cr_assert.o)
 .rodata._Csys_alloc.str1.1
                0x0000000060006169       0x18 /usr/local/mcuxpressoide-11.1.0_3209/ide/plugins/com.nxp.mcuxpresso.tools.linux_11.1.0.201909161352/tools/bin/../lib/gcc/arm-none-eabi/8.3.1/../../../../arm-none-eabi/lib/thumb/v7e-m+fp/hard/libcr_c.a(alloc.o)
 .rodata._initio.str1.1
                0x0000000060006181        0x4 /usr/local/mcuxpressoide-11.1.0_3209/ide/plugins/com.nxp.mcuxpresso.tools.linux_11.1.0.201909161352/tools/bin/../lib/gcc/arm-none-eabi/8.3.1/../../../../arm-none-eabi/lib/thumb/v7e-m+fp/hard/libcr_c.a(initio.o)
                0x0000000060006188                . = ALIGN (0x4)
 *fill*         0x0000000060006185        0x3 ff

.glue_7         0x0000000060006188        0x0
 .glue_7        0x0000000060006188        0x0 linker stubs

.glue_7t        0x0000000060006188        0x0
 .glue_7t       0x0000000060006188        0x0 linker stubs

.vfp11_veneer   0x0000000060006188        0x0
 .vfp11_veneer  0x0000000060006188        0x0 linker stubs

.v4_bx          0x0000000060006188        0x0
 .v4_bx         0x0000000060006188        0x0 linker stubs

.iplt           0x0000000060006188        0x0
 .iplt          0x0000000060006188        0x0 ./xip/evkmimxrt1010_flexspi_nor_config.o

.rel.dyn        0x0000000060006188        0x0
 .rel.iplt      0x0000000060006188        0x0 ./xip/evkmimxrt1010_flexspi_nor_config.o

.ARM.extab
 *(SORT_BY_ALIGNMENT(.ARM.extab*) SORT_BY_ALIGNMENT(.gnu.linkonce.armextab.*))
                0x0000000060006188                __exidx_start = .

.ARM.exidx
 *(SORT_BY_ALIGNMENT(.ARM.exidx*) SORT_BY_ALIGNMENT(.gnu.linkonce.armexidx.*))
                0x0000000060006188                __exidx_end = .
                0x0000000060006188                _etext = .

.data_RAM2      0x0000000000000000        0x0 load address 0x0000000060006188
 FILL mask 0xff
                [!provide]                        PROVIDE (__start_data_RAM2 = .)
                [!provide]                        PROVIDE (__start_data_SRAM_ITC = .)
 *(SORT_BY_ALIGNMENT(.ramfunc.$RAM2))
 *(SORT_BY_ALIGNMENT(.ramfunc.$SRAM_ITC))
 *(SORT_BY_ALIGNMENT(.data.$RAM2))
 *(SORT_BY_ALIGNMENT(.data.$SRAM_ITC))
 *(SORT_BY_ALIGNMENT(.data.$RAM2.*))
 *(SORT_BY_ALIGNMENT(.data.$SRAM_ITC.*))
                0x0000000000000000                . = ALIGN (0x4)
                [!provide]                        PROVIDE (__end_data_RAM2 = .)
                [!provide]                        PROVIDE (__end_data_SRAM_ITC = .)

.data_RAM3      0x0000000020200000        0x0 load address 0x0000000060006188
 FILL mask 0xff
                [!provide]                        PROVIDE (__start_data_RAM3 = .)
                [!provide]                        PROVIDE (__start_data_SRAM_OC = .)
 *(SORT_BY_ALIGNMENT(.ramfunc.$RAM3))
 *(SORT_BY_ALIGNMENT(.ramfunc.$SRAM_OC))
 *(SORT_BY_ALIGNMENT(.data.$RAM3))
 *(SORT_BY_ALIGNMENT(.data.$SRAM_OC))
 *(SORT_BY_ALIGNMENT(.data.$RAM3.*))
 *(SORT_BY_ALIGNMENT(.data.$SRAM_OC.*))
                0x0000000020200000                . = ALIGN (0x4)
                [!provide]                        PROVIDE (__end_data_RAM3 = .)
                [!provide]                        PROVIDE (__end_data_SRAM_OC = .)

.data_RAM4      0x0000000020210000        0x0 load address 0x0000000060006188
 FILL mask 0xff
                [!provide]                        PROVIDE (__start_data_RAM4 = .)
                [!provide]                        PROVIDE (__start_data_NCACHE_REGION = .)
 *(SORT_BY_ALIGNMENT(.ramfunc.$RAM4))
 *(SORT_BY_ALIGNMENT(.ramfunc.$NCACHE_REGION))
 *(SORT_BY_ALIGNMENT(.data.$RAM4))
 *(SORT_BY_ALIGNMENT(.data.$NCACHE_REGION))
 *(SORT_BY_ALIGNMENT(.data.$RAM4.*))
 *(SORT_BY_ALIGNMENT(.data.$NCACHE_REGION.*))
                0x0000000020210000                . = ALIGN (0x4)
                [!provide]                        PROVIDE (__end_data_RAM4 = .)
                [!provide]                        PROVIDE (__end_data_NCACHE_REGION = .)

.uninit_RESERVED
                0x0000000020000000        0x0
                0x0000000020000000                _start_uninit_RESERVED = .
 *(SORT_BY_ALIGNMENT(.bss.$RESERVED*))
                0x0000000020000000                . = ALIGN (0x4)
                0x0000000020000000                _end_uninit_RESERVED = .

.data           0x0000000020000000        0x4 load address 0x0000000060006188
 FILL mask 0xff
                0x0000000020000000                _data = .
                [!provide]                        PROVIDE (__start_data_RAM = .)
                [!provide]                        PROVIDE (__start_data_SRAM_DTC = .)
 *(SORT_BY_ALIGNMENT(vtable))
 *(SORT_BY_ALIGNMENT(.ramfunc*))
 *(SORT_BY_ALIGNMENT(CodeQuickAccess))
 *(SORT_BY_ALIGNMENT(DataQuickAccess))
 *(SORT_BY_ALIGNMENT(RamFunction))
 *(SORT_BY_ALIGNMENT(NonCacheable.init))
 *(SORT_BY_ALIGNMENT(.data*))
 .data.SystemCoreClock
                0x0000000020000000        0x4 ./device/system_MIMXRT1011.o
                0x0000000020000000                SystemCoreClock
                0x0000000020000004                . = ALIGN (0x4)
                0x0000000020000004                _edata = .
                [!provide]                        PROVIDE (__end_data_RAM = .)
                [!provide]                        PROVIDE (__end_data_SRAM_DTC = .)

.igot.plt       0x0000000020000004        0x0 load address 0x000000006000618c
 .igot.plt      0x0000000020000004        0x0 ./xip/evkmimxrt1010_flexspi_nor_config.o

.bss_RAM2       0x0000000000000000        0x0
                [!provide]                        PROVIDE (__start_bss_RAM2 = .)
                [!provide]                        PROVIDE (__start_bss_SRAM_ITC = .)
 *(SORT_BY_ALIGNMENT(.bss.$RAM2))
 *(SORT_BY_ALIGNMENT(.bss.$SRAM_ITC))
 *(SORT_BY_ALIGNMENT(.bss.$RAM2.*))
 *(SORT_BY_ALIGNMENT(.bss.$SRAM_ITC.*))
                0x0000000000000000                . = ALIGN ((. != 0x0)?0x4:0x1)
                [!provide]                        PROVIDE (__end_bss_RAM2 = .)
                [!provide]                        PROVIDE (__end_bss_SRAM_ITC = .)

.bss_RAM3       0x0000000020200000        0x0
                [!provide]                        PROVIDE (__start_bss_RAM3 = .)
                [!provide]                        PROVIDE (__start_bss_SRAM_OC = .)
 *(SORT_BY_ALIGNMENT(.bss.$RAM3))
 *(SORT_BY_ALIGNMENT(.bss.$SRAM_OC))
 *(SORT_BY_ALIGNMENT(.bss.$RAM3.*))
 *(SORT_BY_ALIGNMENT(.bss.$SRAM_OC.*))
                0x0000000020200000                . = ALIGN ((. != 0x0)?0x4:0x1)
                [!provide]                        PROVIDE (__end_bss_RAM3 = .)
                [!provide]                        PROVIDE (__end_bss_SRAM_OC = .)

.bss_RAM4       0x0000000020210000        0x0
                [!provide]                        PROVIDE (__start_bss_RAM4 = .)
                [!provide]                        PROVIDE (__start_bss_NCACHE_REGION = .)
 *(SORT_BY_ALIGNMENT(.bss.$RAM4))
 *(SORT_BY_ALIGNMENT(.bss.$NCACHE_REGION))
 *(SORT_BY_ALIGNMENT(.bss.$RAM4.*))
 *(SORT_BY_ALIGNMENT(.bss.$NCACHE_REGION.*))
                0x0000000020210000                . = ALIGN ((. != 0x0)?0x4:0x1)
                [!provide]                        PROVIDE (__end_bss_RAM4 = .)
                [!provide]                        PROVIDE (__end_bss_NCACHE_REGION = .)

.bss            0x0000000020000004      0x100
                0x0000000020000004                _bss = .
                [!provide]                        PROVIDE (__start_bss_RAM = .)
                [!provide]                        PROVIDE (__start_bss_SRAM_DTC = .)
 *(SORT_BY_ALIGNMENT(NonCacheable))
 *(SORT_BY_ALIGNMENT(.bss*))
 .bss.s_debugConsoleState
                0x0000000020000004       0x1c ./utilities/fsl_debug_console.o
 .bss.g_serialHandle
                0x0000000020000020        0x4 ./utilities/fsl_debug_console.o
                0x0000000020000020                g_serialHandle
 .bss.g_xtalFreq
                0x0000000020000024        0x4 ./drivers/fsl_clock.o
                0x0000000020000024                g_xtalFreq
 .bss.g_rtcXtalFreq
                0x0000000020000028        0x4 ./drivers/fsl_clock.o
                0x0000000020000028                g_rtcXtalFreq
 .bss.s_lpuartHandle
                0x000000002000002c       0x14 ./drivers/fsl_lpuart.o
 .bss.s_lpuartIsr
                0x0000000020000040        0x4 ./drivers/fsl_lpuart.o
 .bss.__Ciob    0x0000000020000044       0xb4 /usr/local/mcuxpressoide-11.1.0_3209/ide/plugins/com.nxp.mcuxpresso.tools.linux_11.1.0.201909161352/tools/bin/../lib/gcc/arm-none-eabi/8.3.1/../../../../arm-none-eabi/lib/thumb/v7e-m+fp/hard/libcr_nohost_nf.a(__ciob.o)
                0x0000000020000044                __Ciob
 .bss.__end_of_heap
                0x00000000200000f8        0x4 /usr/local/mcuxpressoide-11.1.0_3209/ide/plugins/com.nxp.mcuxpresso.tools.linux_11.1.0.201909161352/tools/bin/../lib/gcc/arm-none-eabi/8.3.1/../../../../arm-none-eabi/lib/thumb/v7e-m+fp/hard/libcr_c.a(__init_alloc.o)
                0x00000000200000f8                __end_of_heap
 .bss.__heaps   0x00000000200000fc        0x4 /usr/local/mcuxpressoide-11.1.0_3209/ide/plugins/com.nxp.mcuxpresso.tools.linux_11.1.0.201909161352/tools/bin/../lib/gcc/arm-none-eabi/8.3.1/../../../../arm-none-eabi/lib/thumb/v7e-m+fp/hard/libcr_c.a(__init_alloc.o)
                0x00000000200000fc                __heaps
 .bss.errno     0x0000000020000100        0x4 /usr/local/mcuxpressoide-11.1.0_3209/ide/plugins/com.nxp.mcuxpresso.tools.linux_11.1.0.201909161352/tools/bin/../lib/gcc/arm-none-eabi/8.3.1/../../../../arm-none-eabi/lib/thumb/v7e-m+fp/hard/libcr_c.a(errno.o)
                0x0000000020000100                errno
 *(SORT_BY_ALIGNMENT(COMMON))
                0x0000000020000104                . = ALIGN (0x4)
                0x0000000020000104                _ebss = .
                [!provide]                        PROVIDE (__end_bss_RAM = .)
                [!provide]                        PROVIDE (__end_bss_SRAM_DTC = .)
                [!provide]                        PROVIDE (end = .)

.noinit_RAM2    0x0000000000000000        0x0
                [!provide]                        PROVIDE (__start_noinit_RAM2 = .)
                [!provide]                        PROVIDE (__start_noinit_SRAM_ITC = .)
 *(SORT_BY_ALIGNMENT(.noinit.$RAM2))
 *(SORT_BY_ALIGNMENT(.noinit.$SRAM_ITC))
 *(SORT_BY_ALIGNMENT(.noinit.$RAM2.*))
 *(SORT_BY_ALIGNMENT(.noinit.$SRAM_ITC.*))
                0x0000000000000000                . = ALIGN (0x4)
                [!provide]                        PROVIDE (__end_noinit_RAM2 = .)
                [!provide]                        PROVIDE (__end_noinit_SRAM_ITC = .)

.noinit_RAM3    0x0000000020200000        0x0
                [!provide]                        PROVIDE (__start_noinit_RAM3 = .)
                [!provide]                        PROVIDE (__start_noinit_SRAM_OC = .)
 *(SORT_BY_ALIGNMENT(.noinit.$RAM3))
 *(SORT_BY_ALIGNMENT(.noinit.$SRAM_OC))
 *(SORT_BY_ALIGNMENT(.noinit.$RAM3.*))
 *(SORT_BY_ALIGNMENT(.noinit.$SRAM_OC.*))
                0x0000000020200000                . = ALIGN (0x4)
                [!provide]                        PROVIDE (__end_noinit_RAM3 = .)
                [!provide]                        PROVIDE (__end_noinit_SRAM_OC = .)

.noinit_RAM4    0x0000000020210000        0x0
                [!provide]                        PROVIDE (__start_noinit_RAM4 = .)
                [!provide]                        PROVIDE (__start_noinit_NCACHE_REGION = .)
 *(SORT_BY_ALIGNMENT(.noinit.$RAM4))
 *(SORT_BY_ALIGNMENT(.noinit.$NCACHE_REGION))
 *(SORT_BY_ALIGNMENT(.noinit.$RAM4.*))
 *(SORT_BY_ALIGNMENT(.noinit.$NCACHE_REGION.*))
                0x0000000020210000                . = ALIGN (0x4)
                [!provide]                        PROVIDE (__end_noinit_RAM4 = .)
                [!provide]                        PROVIDE (__end_noinit_NCACHE_REGION = .)

.noinit         0x0000000020000104        0x0
                0x0000000020000104                _noinit = .
                [!provide]                        PROVIDE (__start_noinit_RAM = .)
                [!provide]                        PROVIDE (__start_noinit_SRAM_DTC = .)
 *(SORT_BY_ALIGNMENT(.noinit*))
                0x0000000020000104                . = ALIGN (0x4)
                0x0000000020000104                _end_noinit = .
                [!provide]                        PROVIDE (__end_noinit_RAM = .)
                [!provide]                        PROVIDE (__end_noinit_SRAM_DTC = .)
                0x0000000000000800                _HeapSize = 0x800

.heap           0x0000000020000104      0x800
                0x0000000020000104                _pvHeapStart = .
                0x0000000020000904                . = (. + _HeapSize)
 *fill*         0x0000000020000104      0x800 
                0x0000000020000904                . = ALIGN (0x4)
                0x0000000020000904                _pvHeapLimit = .
                0x0000000000000800                _StackSize = 0x800

.heap2stackfill
                0x0000000020000904      0x800
                0x0000000020001104                . = (. + _StackSize)
 *fill*         0x0000000020000904      0x800 

.stack          0x0000000020007800        0x0
                0x0000000020007800                _vStackBase = .
                0x0000000020007800                . = ALIGN (0x4)
                0x0000000020008000                _vStackTop = (. + _StackSize)
                0x0000000060002000                _image_start = LOADADDR (.text)
                0x000000006000618c                _image_end = (LOADADDR (.data) + SIZEOF (.data))
                0x000000000000418c                _image_size = (_image_end - _image_start)
OUTPUT(evkmimxrt1010_hello_world_99.axf elf32-littlearm)

.debug_info     0x0000000000000000     0xb387
 .debug_info    0x0000000000000000      0x7e2 ./xip/evkmimxrt1010_flexspi_nor_config.o
 .debug_info    0x00000000000007e2      0x5cb ./xip/fsl_flexspi_nor_boot.o
 .debug_info    0x0000000000000dad      0xa20 ./utilities/fsl_debug_console.o
 .debug_info    0x00000000000017cd      0x55e ./utilities/fsl_str.o
 .debug_info    0x0000000000001d2b      0x81b ./startup/startup_mimxrt1011.o
 .debug_info    0x0000000000002546      0x2af ./source/hello_world.o
 .debug_info    0x00000000000027f5       0x3c ./source/semihost_hardfault.o
 .debug_info    0x0000000000002831     0x1a9f ./drivers/fsl_clock.o
 .debug_info    0x00000000000042d0     0x1e45 ./drivers/fsl_lpuart.o
 .debug_info    0x0000000000006115      0xc90 ./device/system_MIMXRT1011.o
 .debug_info    0x0000000000006da5      0x9ec ./component/uart/lpuart_adapter.o
 .debug_info    0x0000000000007791      0x8b1 ./component/serial_manager/serial_manager.o
 .debug_info    0x0000000000008042      0x503 ./component/serial_manager/serial_port_uart.o
 .debug_info    0x0000000000008545     0x12ea ./board/board.o
 .debug_info    0x000000000000982f     0x14a8 ./board/clock_config.o
 .debug_info    0x000000000000acd7      0x6b0 ./board/pin_mux.o

.debug_abbrev   0x0000000000000000     0x1d5f
 .debug_abbrev  0x0000000000000000      0x14c ./xip/evkmimxrt1010_flexspi_nor_config.o
 .debug_abbrev  0x000000000000014c      0x13f ./xip/fsl_flexspi_nor_boot.o
 .debug_abbrev  0x000000000000028b      0x20b ./utilities/fsl_debug_console.o
 .debug_abbrev  0x0000000000000496      0x1b3 ./utilities/fsl_str.o
 .debug_abbrev  0x0000000000000649      0x147 ./startup/startup_mimxrt1011.o
 .debug_abbrev  0x0000000000000790      0x106 ./source/hello_world.o
 .debug_abbrev  0x0000000000000896       0x31 ./source/semihost_hardfault.o
 .debug_abbrev  0x00000000000008c7      0x378 ./drivers/fsl_clock.o
 .debug_abbrev  0x0000000000000c3f      0x364 ./drivers/fsl_lpuart.o
 .debug_abbrev  0x0000000000000fa3      0x1c7 ./device/system_MIMXRT1011.o
 .debug_abbrev  0x000000000000116a      0x1c3 ./component/uart/lpuart_adapter.o
 .debug_abbrev  0x000000000000132d      0x240 ./component/serial_manager/serial_manager.o
 .debug_abbrev  0x000000000000156d      0x160 ./component/serial_manager/serial_port_uart.o
 .debug_abbrev  0x00000000000016cd      0x2f2 ./board/board.o
 .debug_abbrev  0x00000000000019bf      0x218 ./board/clock_config.o
 .debug_abbrev  0x0000000000001bd7      0x188 ./board/pin_mux.o

.debug_aranges  0x0000000000000000      0x8c0
 .debug_aranges
                0x0000000000000000       0x18 ./xip/evkmimxrt1010_flexspi_nor_config.o
 .debug_aranges
                0x0000000000000018       0x18 ./xip/fsl_flexspi_nor_boot.o
 .debug_aranges
                0x0000000000000030       0x80 ./utilities/fsl_debug_console.o
 .debug_aranges
                0x00000000000000b0       0x38 ./utilities/fsl_str.o
 .debug_aranges
                0x00000000000000e8      0x2e0 ./startup/startup_mimxrt1011.o
 .debug_aranges
                0x00000000000003c8       0x20 ./source/hello_world.o
 .debug_aranges
                0x00000000000003e8       0x20 ./source/semihost_hardfault.o
 .debug_aranges
                0x0000000000000408      0x120 ./drivers/fsl_clock.o
 .debug_aranges
                0x0000000000000528      0x140 ./drivers/fsl_lpuart.o
 .debug_aranges
                0x0000000000000668       0x30 ./device/system_MIMXRT1011.o
 .debug_aranges
                0x0000000000000698       0x40 ./component/uart/lpuart_adapter.o
 .debug_aranges
                0x00000000000006d8       0x98 ./component/serial_manager/serial_manager.o
 .debug_aranges
                0x0000000000000770       0x38 ./component/serial_manager/serial_port_uart.o
 .debug_aranges
                0x00000000000007a8       0x60 ./board/board.o
 .debug_aranges
                0x0000000000000808       0x70 ./board/clock_config.o
 .debug_aranges
                0x0000000000000878       0x48 ./board/pin_mux.o

.debug_macro    0x0000000000000000    0x1e3e3
 .debug_macro   0x0000000000000000      0x118 ./xip/evkmimxrt1010_flexspi_nor_config.o
 .debug_macro   0x0000000000000118      0xae4 ./xip/evkmimxrt1010_flexspi_nor_config.o
 .debug_macro   0x0000000000000bfc       0x10 ./xip/evkmimxrt1010_flexspi_nor_config.o
 .debug_macro   0x0000000000000c0c      0x12e ./xip/evkmimxrt1010_flexspi_nor_config.o
 .debug_macro   0x0000000000000d3a      0x5b3 ./xip/evkmimxrt1010_flexspi_nor_config.o
 .debug_macro   0x00000000000012ed       0x22 ./xip/evkmimxrt1010_flexspi_nor_config.o
 .debug_macro   0x000000000000130f       0x16 ./xip/evkmimxrt1010_flexspi_nor_config.o
 .debug_macro   0x0000000000001325       0x22 ./xip/evkmimxrt1010_flexspi_nor_config.o
 .debug_macro   0x0000000000001347       0x10 ./xip/evkmimxrt1010_flexspi_nor_config.o
 .debug_macro   0x0000000000001357       0x4d ./xip/evkmimxrt1010_flexspi_nor_config.o
 .debug_macro   0x00000000000013a4       0x1c ./xip/evkmimxrt1010_flexspi_nor_config.o
 .debug_macro   0x00000000000013c0       0x22 ./xip/evkmimxrt1010_flexspi_nor_config.o
 .debug_macro   0x00000000000013e2       0xd8 ./xip/evkmimxrt1010_flexspi_nor_config.o
 .debug_macro   0x00000000000014ba     0x1305 ./xip/evkmimxrt1010_flexspi_nor_config.o
 .debug_macro   0x00000000000027bf      0x11f ./xip/evkmimxrt1010_flexspi_nor_config.o
 .debug_macro   0x00000000000028de       0x20 ./xip/evkmimxrt1010_flexspi_nor_config.o
 .debug_macro   0x00000000000028fe       0x1c ./xip/evkmimxrt1010_flexspi_nor_config.o
 .debug_macro   0x000000000000291a    0x194f4 ./xip/evkmimxrt1010_flexspi_nor_config.o
 .debug_macro   0x000000000001be0e      0x54e ./xip/evkmimxrt1010_flexspi_nor_config.o
 .debug_macro   0x000000000001c35c       0xd7 ./xip/evkmimxrt1010_flexspi_nor_config.o
 .debug_macro   0x000000000001c433      0x193 ./xip/evkmimxrt1010_flexspi_nor_config.o
 .debug_macro   0x000000000001c5c6      0x1a4 ./xip/evkmimxrt1010_flexspi_nor_config.o
 .debug_macro   0x000000000001c76a      0x13f ./xip/fsl_flexspi_nor_boot.o
 .debug_macro   0x000000000001c8a9       0xca ./xip/fsl_flexspi_nor_boot.o
 .debug_macro   0x000000000001c973       0x10 ./xip/fsl_flexspi_nor_boot.o
 .debug_macro   0x000000000001c983      0x136 ./xip/fsl_flexspi_nor_boot.o
 .debug_macro   0x000000000001cab9       0x7c ./xip/fsl_flexspi_nor_boot.o
 .debug_macro   0x000000000001cb35      0x17b ./utilities/fsl_debug_console.o
 .debug_macro   0x000000000001ccb0       0x16 ./utilities/fsl_debug_console.o
 .debug_macro   0x000000000001ccc6       0x10 ./utilities/fsl_debug_console.o
 .debug_macro   0x000000000001ccd6       0x28 ./utilities/fsl_debug_console.o
 .debug_macro   0x000000000001ccfe       0x41 ./utilities/fsl_debug_console.o
 .debug_macro   0x000000000001cd3f       0x34 ./utilities/fsl_debug_console.o
 .debug_macro   0x000000000001cd73      0x122 ./utilities/fsl_str.o
 .debug_macro   0x000000000001ce95       0xc4 ./utilities/fsl_str.o
 .debug_macro   0x000000000001cf59       0x1c ./utilities/fsl_str.o
 .debug_macro   0x000000000001cf75       0x29 ./startup/startup_mimxrt1011.o
 .debug_macro   0x000000000001cf9e      0x157 ./source/hello_world.o
 .debug_macro   0x000000000001d0f5       0xd0 ./source/hello_world.o
 .debug_macro   0x000000000001d1c5       0x22 ./source/hello_world.o
 .debug_macro   0x000000000001d1e7       0x11 ./source/semihost_hardfault.o
 .debug_macro   0x000000000001d1f8      0x103 ./drivers/fsl_clock.o
 .debug_macro   0x000000000001d2fb      0x113 ./drivers/fsl_lpuart.o
 .debug_macro   0x000000000001d40e       0xa7 ./device/system_MIMXRT1011.o
 .debug_macro   0x000000000001d4b5      0x10f ./component/uart/lpuart_adapter.o
 .debug_macro   0x000000000001d5c4       0x10 ./component/uart/lpuart_adapter.o
 .debug_macro   0x000000000001d5d4       0x22 ./component/uart/lpuart_adapter.o
 .debug_macro   0x000000000001d5f6      0x136 ./component/serial_manager/serial_manager.o
 .debug_macro   0x000000000001d72c      0x127 ./component/serial_manager/serial_port_uart.o
 .debug_macro   0x000000000001d853       0x22 ./component/serial_manager/serial_port_uart.o
 .debug_macro   0x000000000001d875      0x14d ./board/board.o
 .debug_macro   0x000000000001d9c2      0x7fd ./board/board.o
 .debug_macro   0x000000000001e1bf      0x115 ./board/clock_config.o
 .debug_macro   0x000000000001e2d4      0x10f ./board/pin_mux.o

.debug_line     0x0000000000000000     0x6a72
 .debug_line    0x0000000000000000      0x374 ./xip/evkmimxrt1010_flexspi_nor_config.o
 .debug_line    0x0000000000000374      0x3cb ./xip/fsl_flexspi_nor_boot.o
 .debug_line    0x000000000000073f      0x73a ./utilities/fsl_debug_console.o
 .debug_line    0x0000000000000e79      0xa12 ./utilities/fsl_str.o
 .debug_line    0x000000000000188b      0x87d ./startup/startup_mimxrt1011.o
 .debug_line    0x0000000000002108      0x4cc ./source/hello_world.o
 .debug_line    0x00000000000025d4       0x5a ./source/semihost_hardfault.o
 .debug_line    0x000000000000262e      0xb60 ./drivers/fsl_clock.o
 .debug_line    0x000000000000318e     0x112b ./drivers/fsl_lpuart.o
 .debug_line    0x00000000000042b9      0x4a3 ./device/system_MIMXRT1011.o
 .debug_line    0x000000000000475c      0x4af ./component/uart/lpuart_adapter.o
 .debug_line    0x0000000000004c0b      0x724 ./component/serial_manager/serial_manager.o
 .debug_line    0x000000000000532f      0x4f7 ./component/serial_manager/serial_port_uart.o
 .debug_line    0x0000000000005826      0x7b2 ./board/board.o
 .debug_line    0x0000000000005fd8      0x65c ./board/clock_config.o
 .debug_line    0x0000000000006634      0x43e ./board/pin_mux.o

.debug_str      0x0000000000000000    0xf096b
 .debug_str     0x0000000000000000    0xe4dfe ./xip/evkmimxrt1010_flexspi_nor_config.o
                                      0xe4e95 (size before relaxing)
 .debug_str     0x00000000000e4dfe     0x13d7 ./xip/fsl_flexspi_nor_boot.o
                                      0xe5586 (size before relaxing)
 .debug_str     0x00000000000e61d5      0xd30 ./utilities/fsl_debug_console.o
                                      0xe4f4b (size before relaxing)
 .debug_str     0x00000000000e6f05      0x6ce ./utilities/fsl_str.o
                                      0xe42ac (size before relaxing)
 .debug_str     0x00000000000e75d3      0x7a3 ./startup/startup_mimxrt1011.o
                                       0x36e0 (size before relaxing)
 .debug_str     0x00000000000e7d76       0xae ./source/hello_world.o
                                      0xe4e10 (size before relaxing)
 .debug_str     0x00000000000e7e24       0x1f ./source/semihost_hardfault.o
                                       0x2f0b (size before relaxing)
 .debug_str     0x00000000000e7e43      0xcc6 ./drivers/fsl_clock.o
                                      0xe5026 (size before relaxing)
 .debug_str     0x00000000000e8b09     0x1956 ./drivers/fsl_lpuart.o
                                      0xe5d4b (size before relaxing)
 .debug_str     0x00000000000ea45f      0x204 ./device/system_MIMXRT1011.o
                                      0xe2aeb (size before relaxing)
 .debug_str     0x00000000000ea663      0x337 ./component/uart/lpuart_adapter.o
                                      0xe4a1f (size before relaxing)
 .debug_str     0x00000000000ea99a      0x3f5 ./component/serial_manager/serial_manager.o
                                      0xe423d (size before relaxing)
 .debug_str     0x00000000000ead8f       0xfc ./component/serial_manager/serial_port_uart.o
                                      0xe427e (size before relaxing)
 .debug_str     0x00000000000eae8b     0x57ad ./board/board.o
                                      0xea97d (size before relaxing)
 .debug_str     0x00000000000f0638      0x284 ./board/clock_config.o
                                      0xea94e (size before relaxing)
 .debug_str     0x00000000000f08bc       0xaf ./board/pin_mux.o
                                      0xe932c (size before relaxing)

.comment        0x0000000000000000       0x76
 .comment       0x0000000000000000       0x76 ./xip/evkmimxrt1010_flexspi_nor_config.o
                                         0x77 (size before relaxing)
 .comment       0x0000000000000076       0x77 ./xip/fsl_flexspi_nor_boot.o
 .comment       0x0000000000000076       0x77 ./utilities/fsl_debug_console.o
 .comment       0x0000000000000076       0x77 ./utilities/fsl_str.o
 .comment       0x0000000000000076       0x77 ./startup/startup_mimxrt1011.o
 .comment       0x0000000000000076       0x77 ./source/hello_world.o
 .comment       0x0000000000000076       0x77 ./source/semihost_hardfault.o
 .comment       0x0000000000000076       0x77 ./drivers/fsl_clock.o
 .comment       0x0000000000000076       0x77 ./drivers/fsl_lpuart.o
 .comment       0x0000000000000076       0x77 ./device/system_MIMXRT1011.o
 .comment       0x0000000000000076       0x77 ./component/uart/lpuart_adapter.o
 .comment       0x0000000000000076       0x77 ./component/serial_manager/serial_manager.o
 .comment       0x0000000000000076       0x77 ./component/serial_manager/serial_port_uart.o
 .comment       0x0000000000000076       0x77 ./board/board.o
 .comment       0x0000000000000076       0x77 ./board/clock_config.o
 .comment       0x0000000000000076       0x77 ./board/pin_mux.o
 .comment       0x0000000000000076       0x77 /usr/local/mcuxpressoide-11.1.0_3209/ide/plugins/com.nxp.mcuxpresso.tools.linux_11.1.0.201909161352/tools/bin/../lib/gcc/arm-none-eabi/8.3.1/../../../../arm-none-eabi/lib/thumb/v7e-m+fp/hard/libcr_nohost_nf.a(_cr__main.o)
 .comment       0x0000000000000076       0x77 /usr/local/mcuxpressoide-11.1.0_3209/ide/plugins/com.nxp.mcuxpresso.tools.linux_11.1.0.201909161352/tools/bin/../lib/gcc/arm-none-eabi/8.3.1/../../../../arm-none-eabi/lib/thumb/v7e-m+fp/hard/libcr_nohost_nf.a(_cr_assert.o)
 .comment       0x0000000000000076       0x77 /usr/local/mcuxpressoide-11.1.0_3209/ide/plugins/com.nxp.mcuxpresso.tools.linux_11.1.0.201909161352/tools/bin/../lib/gcc/arm-none-eabi/8.3.1/../../../../arm-none-eabi/lib/thumb/v7e-m+fp/hard/libcr_nohost_nf.a(__ciob.o)
 .comment       0x0000000000000076       0x77 /usr/local/mcuxpressoide-11.1.0_3209/ide/plugins/com.nxp.mcuxpresso.tools.linux_11.1.0.201909161352/tools/bin/../lib/gcc/arm-none-eabi/8.3.1/../../../../arm-none-eabi/lib/thumb/v7e-m+fp/hard/libcr_nohost_nf.a(__sys_appexit.o)
 .comment       0x0000000000000076       0x77 /usr/local/mcuxpressoide-11.1.0_3209/ide/plugins/com.nxp.mcuxpresso.tools.linux_11.1.0.201909161352/tools/bin/../lib/gcc/arm-none-eabi/8.3.1/../../../../arm-none-eabi/lib/thumb/v7e-m+fp/hard/libcr_c.a(memset.o)
 .comment       0x0000000000000076       0x77 /usr/local/mcuxpressoide-11.1.0_3209/ide/plugins/com.nxp.mcuxpresso.tools.linux_11.1.0.201909161352/tools/bin/../lib/gcc/arm-none-eabi/8.3.1/../../../../arm-none-eabi/lib/thumb/v7e-m+fp/hard/libcr_c.a(_deferredlazyseek.o)
 .comment       0x0000000000000076       0x77 /usr/local/mcuxpressoide-11.1.0_3209/ide/plugins/com.nxp.mcuxpresso.tools.linux_11.1.0.201909161352/tools/bin/../lib/gcc/arm-none-eabi/8.3.1/../../../../arm-none-eabi/lib/thumb/v7e-m+fp/hard/libcr_c.a(_fflush.o)
 .comment       0x0000000000000076       0x77 /usr/local/mcuxpressoide-11.1.0_3209/ide/plugins/com.nxp.mcuxpresso.tools.linux_11.1.0.201909161352/tools/bin/../lib/gcc/arm-none-eabi/8.3.1/../../../../arm-none-eabi/lib/thumb/v7e-m+fp/hard/libcr_c.a(_writebuf.o)
 .comment       0x0000000000000076       0x77 /usr/local/mcuxpressoide-11.1.0_3209/ide/plugins/com.nxp.mcuxpresso.tools.linux_11.1.0.201909161352/tools/bin/../lib/gcc/arm-none-eabi/8.3.1/../../../../arm-none-eabi/lib/thumb/v7e-m+fp/hard/libcr_c.a(alloc.o)
 .comment       0x0000000000000076       0x77 /usr/local/mcuxpressoide-11.1.0_3209/ide/plugins/com.nxp.mcuxpresso.tools.linux_11.1.0.201909161352/tools/bin/../lib/gcc/arm-none-eabi/8.3.1/../../../../arm-none-eabi/lib/thumb/v7e-m+fp/hard/libcr_c.a(fputs.o)
 .comment       0x0000000000000076       0x77 /usr/local/mcuxpressoide-11.1.0_3209/ide/plugins/com.nxp.mcuxpresso.tools.linux_11.1.0.201909161352/tools/bin/../lib/gcc/arm-none-eabi/8.3.1/../../../../arm-none-eabi/lib/thumb/v7e-m+fp/hard/libcr_c.a(fseek.o)
 .comment       0x0000000000000076       0x77 /usr/local/mcuxpressoide-11.1.0_3209/ide/plugins/com.nxp.mcuxpresso.tools.linux_11.1.0.201909161352/tools/bin/../lib/gcc/arm-none-eabi/8.3.1/../../../../arm-none-eabi/lib/thumb/v7e-m+fp/hard/libcr_c.a(ftell.o)
 .comment       0x0000000000000076       0x77 /usr/local/mcuxpressoide-11.1.0_3209/ide/plugins/com.nxp.mcuxpresso.tools.linux_11.1.0.201909161352/tools/bin/../lib/gcc/arm-none-eabi/8.3.1/../../../../arm-none-eabi/lib/thumb/v7e-m+fp/hard/libcr_c.a(initio.o)
 .comment       0x0000000000000076       0x77 /usr/local/mcuxpressoide-11.1.0_3209/ide/plugins/com.nxp.mcuxpresso.tools.linux_11.1.0.201909161352/tools/bin/../lib/gcc/arm-none-eabi/8.3.1/../../../../arm-none-eabi/lib/thumb/v7e-m+fp/hard/libcr_c.a(setvbuf.o)
 .comment       0x0000000000000076       0x77 /usr/local/mcuxpressoide-11.1.0_3209/ide/plugins/com.nxp.mcuxpresso.tools.linux_11.1.0.201909161352/tools/bin/../lib/gcc/arm-none-eabi/8.3.1/../../../../arm-none-eabi/lib/thumb/v7e-m+fp/hard/libcr_c.a(strlen.o)
 .comment       0x0000000000000076       0x77 /usr/local/mcuxpressoide-11.1.0_3209/ide/plugins/com.nxp.mcuxpresso.tools.linux_11.1.0.201909161352/tools/bin/../lib/gcc/arm-none-eabi/8.3.1/../../../../arm-none-eabi/lib/thumb/v7e-m+fp/hard/libcr_c.a(__init_alloc.o)
 .comment       0x0000000000000076       0x77 /usr/local/mcuxpressoide-11.1.0_3209/ide/plugins/com.nxp.mcuxpresso.tools.linux_11.1.0.201909161352/tools/bin/../lib/gcc/arm-none-eabi/8.3.1/../../../../arm-none-eabi/lib/thumb/v7e-m+fp/hard/libcr_c.a(_cr_sbrk.o)
 .comment       0x0000000000000076       0x77 /usr/local/mcuxpressoide-11.1.0_3209/ide/plugins/com.nxp.mcuxpresso.tools.linux_11.1.0.201909161352/tools/bin/../lib/gcc/arm-none-eabi/8.3.1/../../../../arm-none-eabi/lib/thumb/v7e-m+fp/hard/libcr_c.a(_fdopen.o)
 .comment       0x0000000000000076       0x77 /usr/local/mcuxpressoide-11.1.0_3209/ide/plugins/com.nxp.mcuxpresso.tools.linux_11.1.0.201909161352/tools/bin/../lib/gcc/arm-none-eabi/8.3.1/../../../../arm-none-eabi/lib/thumb/v7e-m+fp/hard/libcr_c.a(errno.o)
 .comment       0x0000000000000076       0x77 /usr/local/mcuxpressoide-11.1.0_3209/ide/plugins/com.nxp.mcuxpresso.tools.linux_11.1.0.201909161352/tools/bin/../lib/gcc/arm-none-eabi/8.3.1/../../../../arm-none-eabi/lib/thumb/v7e-m+fp/hard/libcr_c.a(fclose.o)
 .comment       0x0000000000000076       0x77 /usr/local/mcuxpressoide-11.1.0_3209/ide/plugins/com.nxp.mcuxpresso.tools.linux_11.1.0.201909161352/tools/bin/../lib/gcc/arm-none-eabi/8.3.1/../../../../arm-none-eabi/lib/thumb/v7e-m+fp/hard/libcr_c.a(fflush.o)
 .comment       0x0000000000000076       0x77 /usr/local/mcuxpressoide-11.1.0_3209/ide/plugins/com.nxp.mcuxpresso.tools.linux_11.1.0.201909161352/tools/bin/../lib/gcc/arm-none-eabi/8.3.1/../../../../arm-none-eabi/lib/thumb/v7e-m+fp/hard/libcr_c.a(remove.o)
 .comment       0x0000000000000076       0x77 /usr/local/mcuxpressoide-11.1.0_3209/ide/plugins/com.nxp.mcuxpresso.tools.linux_11.1.0.201909161352/tools/bin/../lib/gcc/arm-none-eabi/8.3.1/../../../../arm-none-eabi/lib/thumb/v7e-m+fp/hard/libcr_c.a(_cr_check_heap.o)
 .comment       0x0000000000000076       0x77 /usr/local/mcuxpressoide-11.1.0_3209/ide/plugins/com.nxp.mcuxpresso.tools.linux_11.1.0.201909161352/tools/bin/../lib/gcc/arm-none-eabi/8.3.1/../../../../arm-none-eabi/lib/thumb/v7e-m+fp/hard/libcr_c.a(_do_fflush.o)
 .comment       0x0000000000000076       0x77 /usr/local/mcuxpressoide-11.1.0_3209/ide/plugins/com.nxp.mcuxpresso.tools.linux_11.1.0.201909161352/tools/bin/../lib/gcc/arm-none-eabi/8.3.1/../../../../arm-none-eabi/lib/thumb/v7e-m+fp/hard/libcr_nohost_nf.a(__sys_close.o)
 .comment       0x0000000000000076       0x77 /usr/local/mcuxpressoide-11.1.0_3209/ide/plugins/com.nxp.mcuxpresso.tools.linux_11.1.0.201909161352/tools/bin/../lib/gcc/arm-none-eabi/8.3.1/../../../../arm-none-eabi/lib/thumb/v7e-m+fp/hard/libcr_nohost_nf.a(__sys_flen.o)
 .comment       0x0000000000000076       0x77 /usr/local/mcuxpressoide-11.1.0_3209/ide/plugins/com.nxp.mcuxpresso.tools.linux_11.1.0.201909161352/tools/bin/../lib/gcc/arm-none-eabi/8.3.1/../../../../arm-none-eabi/lib/thumb/v7e-m+fp/hard/libcr_nohost_nf.a(__sys_istty.o)
 .comment       0x0000000000000076       0x77 /usr/local/mcuxpressoide-11.1.0_3209/ide/plugins/com.nxp.mcuxpresso.tools.linux_11.1.0.201909161352/tools/bin/../lib/gcc/arm-none-eabi/8.3.1/../../../../arm-none-eabi/lib/thumb/v7e-m+fp/hard/libcr_nohost_nf.a(__sys_remove.o)
 .comment       0x0000000000000076       0x77 /usr/local/mcuxpressoide-11.1.0_3209/ide/plugins/com.nxp.mcuxpresso.tools.linux_11.1.0.201909161352/tools/bin/../lib/gcc/arm-none-eabi/8.3.1/../../../../arm-none-eabi/lib/thumb/v7e-m+fp/hard/libcr_nohost_nf.a(__sys_seek.o)
 .comment       0x0000000000000076       0x77 /usr/local/mcuxpressoide-11.1.0_3209/ide/plugins/com.nxp.mcuxpresso.tools.linux_11.1.0.201909161352/tools/bin/../lib/gcc/arm-none-eabi/8.3.1/../../../../arm-none-eabi/lib/thumb/v7e-m+fp/hard/libcr_nohost_nf.a(__sys_tmpnam.o)
 .comment       0x0000000000000076       0x77 /usr/local/mcuxpressoide-11.1.0_3209/ide/plugins/com.nxp.mcuxpresso.tools.linux_11.1.0.201909161352/tools/bin/../lib/gcc/arm-none-eabi/8.3.1/../../../../arm-none-eabi/lib/thumb/v7e-m+fp/hard/libcr_nohost_nf.a(__sys_write.o)

.ARM.attributes
                0x0000000000000000       0x37
 .ARM.attributes
                0x0000000000000000       0x39 ./xip/evkmimxrt1010_flexspi_nor_config.o
 .ARM.attributes
                0x0000000000000039       0x39 ./xip/fsl_flexspi_nor_boot.o
 .ARM.attributes
                0x0000000000000072       0x34 ./utilities/fsl_debug_console.o
 .ARM.attributes
                0x00000000000000a6       0x34 ./utilities/fsl_str.o
 .ARM.attributes
                0x00000000000000da       0x34 ./startup/startup_mimxrt1011.o
 .ARM.attributes
                0x000000000000010e       0x34 ./source/hello_world.o
 .ARM.attributes
                0x0000000000000142       0x34 ./source/semihost_hardfault.o
 .ARM.attributes
                0x0000000000000176       0x34 ./drivers/fsl_clock.o
 .ARM.attributes
                0x00000000000001aa       0x34 ./drivers/fsl_lpuart.o
 .ARM.attributes
                0x00000000000001de       0x34 ./device/system_MIMXRT1011.o
 .ARM.attributes
                0x0000000000000212       0x34 ./component/uart/lpuart_adapter.o
 .ARM.attributes
                0x0000000000000246       0x34 ./component/serial_manager/serial_manager.o
 .ARM.attributes
                0x000000000000027a       0x34 ./component/serial_manager/serial_port_uart.o
 .ARM.attributes
                0x00000000000002ae       0x34 ./board/board.o
 .ARM.attributes
                0x00000000000002e2       0x34 ./board/clock_config.o
 .ARM.attributes
                0x0000000000000316       0x34 ./board/pin_mux.o
 .ARM.attributes
                0x000000000000034a       0x34 /usr/local/mcuxpressoide-11.1.0_3209/ide/plugins/com.nxp.mcuxpresso.tools.linux_11.1.0.201909161352/tools/bin/../lib/gcc/arm-none-eabi/8.3.1/../../../../arm-none-eabi/lib/thumb/v7e-m+fp/hard/libcr_nohost_nf.a(_cr__main.o)
 .ARM.attributes
                0x000000000000037e       0x34 /usr/local/mcuxpressoide-11.1.0_3209/ide/plugins/com.nxp.mcuxpresso.tools.linux_11.1.0.201909161352/tools/bin/../lib/gcc/arm-none-eabi/8.3.1/../../../../arm-none-eabi/lib/thumb/v7e-m+fp/hard/libcr_nohost_nf.a(_cr_assert.o)
 .ARM.attributes
                0x00000000000003b2       0x39 /usr/local/mcuxpressoide-11.1.0_3209/ide/plugins/com.nxp.mcuxpresso.tools.linux_11.1.0.201909161352/tools/bin/../lib/gcc/arm-none-eabi/8.3.1/../../../../arm-none-eabi/lib/thumb/v7e-m+fp/hard/libcr_nohost_nf.a(__ciob.o)
 .ARM.attributes
                0x00000000000003eb       0x34 /usr/local/mcuxpressoide-11.1.0_3209/ide/plugins/com.nxp.mcuxpresso.tools.linux_11.1.0.201909161352/tools/bin/../lib/gcc/arm-none-eabi/8.3.1/../../../../arm-none-eabi/lib/thumb/v7e-m+fp/hard/libcr_nohost_nf.a(__sys_appexit.o)
 .ARM.attributes
                0x000000000000041f       0x34 /usr/local/mcuxpressoide-11.1.0_3209/ide/plugins/com.nxp.mcuxpresso.tools.linux_11.1.0.201909161352/tools/bin/../lib/gcc/arm-none-eabi/8.3.1/../../../../arm-none-eabi/lib/thumb/v7e-m+fp/hard/libcr_c.a(memset.o)
 .ARM.attributes
                0x0000000000000453       0x34 /usr/local/mcuxpressoide-11.1.0_3209/ide/plugins/com.nxp.mcuxpresso.tools.linux_11.1.0.201909161352/tools/bin/../lib/gcc/arm-none-eabi/8.3.1/../../../../arm-none-eabi/lib/thumb/v7e-m+fp/hard/libcr_c.a(_deferredlazyseek.o)
 .ARM.attributes